Archive member included to satisfy reference by file (symbol)

C:/ST/STM32CubeCLT_1.18.0/GNU-tools-for-STM32/bin/../lib/gcc/arm-none-eabi/13.3.1/../../../../arm-none-eabi/lib/thumb/v7-m/nofp\libc_nano.a(libc_a-exit.o)
                              C:/ST/STM32CubeCLT_1.18.0/GNU-tools-for-STM32/bin/../lib/gcc/arm-none-eabi/13.3.1/../../../../arm-none-eabi/lib/thumb/v7-m/nofp/crt0.o (exit)
C:/ST/STM32CubeCLT_1.18.0/GNU-tools-for-STM32/bin/../lib/gcc/arm-none-eabi/13.3.1/../../../../arm-none-eabi/lib/thumb/v7-m/nofp\libc_nano.a(libc_a-findfp.o)
                              C:/ST/STM32CubeCLT_1.18.0/GNU-tools-for-STM32/bin/../lib/gcc/arm-none-eabi/13.3.1/../../../../arm-none-eabi/lib/thumb/v7-m/nofp\libc_nano.a(libc_a-exit.o) (__stdio_exit_handler)
C:/ST/STM32CubeCLT_1.18.0/GNU-tools-for-STM32/bin/../lib/gcc/arm-none-eabi/13.3.1/../../../../arm-none-eabi/lib/thumb/v7-m/nofp\libc_nano.a(libc_a-fwalk.o)
                              C:/ST/STM32CubeCLT_1.18.0/GNU-tools-for-STM32/bin/../lib/gcc/arm-none-eabi/13.3.1/../../../../arm-none-eabi/lib/thumb/v7-m/nofp\libc_nano.a(libc_a-findfp.o) (_fwalk_sglue)
C:/ST/STM32CubeCLT_1.18.0/GNU-tools-for-STM32/bin/../lib/gcc/arm-none-eabi/13.3.1/../../../../arm-none-eabi/lib/thumb/v7-m/nofp\libc_nano.a(libc_a-stdio.o)
                              C:/ST/STM32CubeCLT_1.18.0/GNU-tools-for-STM32/bin/../lib/gcc/arm-none-eabi/13.3.1/../../../../arm-none-eabi/lib/thumb/v7-m/nofp\libc_nano.a(libc_a-findfp.o) (__sread)
C:/ST/STM32CubeCLT_1.18.0/GNU-tools-for-STM32/bin/../lib/gcc/arm-none-eabi/13.3.1/../../../../arm-none-eabi/lib/thumb/v7-m/nofp\libc_nano.a(libc_a-memset.o)
                              C:/ST/STM32CubeCLT_1.18.0/GNU-tools-for-STM32/bin/../lib/gcc/arm-none-eabi/13.3.1/../../../../arm-none-eabi/lib/thumb/v7-m/nofp/crt0.o (memset)
C:/ST/STM32CubeCLT_1.18.0/GNU-tools-for-STM32/bin/../lib/gcc/arm-none-eabi/13.3.1/../../../../arm-none-eabi/lib/thumb/v7-m/nofp\libc_nano.a(libc_a-closer.o)
                              C:/ST/STM32CubeCLT_1.18.0/GNU-tools-for-STM32/bin/../lib/gcc/arm-none-eabi/13.3.1/../../../../arm-none-eabi/lib/thumb/v7-m/nofp\libc_nano.a(libc_a-stdio.o) (_close_r)
C:/ST/STM32CubeCLT_1.18.0/GNU-tools-for-STM32/bin/../lib/gcc/arm-none-eabi/13.3.1/../../../../arm-none-eabi/lib/thumb/v7-m/nofp\libc_nano.a(libc_a-reent.o)
                              C:/ST/STM32CubeCLT_1.18.0/GNU-tools-for-STM32/bin/../lib/gcc/arm-none-eabi/13.3.1/../../../../arm-none-eabi/lib/thumb/v7-m/nofp\libc_nano.a(libc_a-closer.o) (errno)
C:/ST/STM32CubeCLT_1.18.0/GNU-tools-for-STM32/bin/../lib/gcc/arm-none-eabi/13.3.1/../../../../arm-none-eabi/lib/thumb/v7-m/nofp\libc_nano.a(libc_a-impure.o)
                              C:/ST/STM32CubeCLT_1.18.0/GNU-tools-for-STM32/bin/../lib/gcc/arm-none-eabi/13.3.1/../../../../arm-none-eabi/lib/thumb/v7-m/nofp\libc_nano.a(libc_a-reent.o) (_impure_ptr)
C:/ST/STM32CubeCLT_1.18.0/GNU-tools-for-STM32/bin/../lib/gcc/arm-none-eabi/13.3.1/../../../../arm-none-eabi/lib/thumb/v7-m/nofp\libc_nano.a(libc_a-lseekr.o)
                              C:/ST/STM32CubeCLT_1.18.0/GNU-tools-for-STM32/bin/../lib/gcc/arm-none-eabi/13.3.1/../../../../arm-none-eabi/lib/thumb/v7-m/nofp\libc_nano.a(libc_a-stdio.o) (_lseek_r)
C:/ST/STM32CubeCLT_1.18.0/GNU-tools-for-STM32/bin/../lib/gcc/arm-none-eabi/13.3.1/../../../../arm-none-eabi/lib/thumb/v7-m/nofp\libc_nano.a(libc_a-readr.o)
                              C:/ST/STM32CubeCLT_1.18.0/GNU-tools-for-STM32/bin/../lib/gcc/arm-none-eabi/13.3.1/../../../../arm-none-eabi/lib/thumb/v7-m/nofp\libc_nano.a(libc_a-stdio.o) (_read_r)
C:/ST/STM32CubeCLT_1.18.0/GNU-tools-for-STM32/bin/../lib/gcc/arm-none-eabi/13.3.1/../../../../arm-none-eabi/lib/thumb/v7-m/nofp\libc_nano.a(libc_a-writer.o)
                              C:/ST/STM32CubeCLT_1.18.0/GNU-tools-for-STM32/bin/../lib/gcc/arm-none-eabi/13.3.1/../../../../arm-none-eabi/lib/thumb/v7-m/nofp\libc_nano.a(libc_a-stdio.o) (_write_r)
C:/ST/STM32CubeCLT_1.18.0/GNU-tools-for-STM32/bin/../lib/gcc/arm-none-eabi/13.3.1/../../../../arm-none-eabi/lib/thumb/v7-m/nofp\libc_nano.a(libc_a-init.o)
                              C:/ST/STM32CubeCLT_1.18.0/GNU-tools-for-STM32/bin/../lib/gcc/arm-none-eabi/13.3.1/../../../../arm-none-eabi/lib/thumb/v7-m/nofp/crt0.o (__libc_init_array)
C:/ST/STM32CubeCLT_1.18.0/GNU-tools-for-STM32/bin/../lib/gcc/arm-none-eabi/13.3.1/../../../../arm-none-eabi/lib/thumb/v7-m/nofp\libc_nano.a(libc_a-lock.o)
                              C:/ST/STM32CubeCLT_1.18.0/GNU-tools-for-STM32/bin/../lib/gcc/arm-none-eabi/13.3.1/../../../../arm-none-eabi/lib/thumb/v7-m/nofp\libc_nano.a(libc_a-findfp.o) (__retarget_lock_init_recursive)
C:/ST/STM32CubeCLT_1.18.0/GNU-tools-for-STM32/bin/../lib/gcc/arm-none-eabi/13.3.1/../../../../arm-none-eabi/lib/thumb/v7-m/nofp\libc_nano.a(libc_a-freer.o)
                              C:/ST/STM32CubeCLT_1.18.0/GNU-tools-for-STM32/bin/../lib/gcc/arm-none-eabi/13.3.1/../../../../arm-none-eabi/lib/thumb/v7-m/nofp\libc_nano.a(libc_a-reent.o) (_free_r)
[...]
Memory Configuration

Name             Origin             Length             Attributes
RAM              0x20000000         0x00005000         xrw
FLASH            0x08000000         0x00010000         xr
*default*        0x00000000         0xffffffff

Linker script and memory map

LOAD C:/ST/STM32CubeCLT_1.18.0/GNU-tools-for-STM32/bin/../lib/gcc/arm-none-eabi/13.3.1/thumb/v7-m/nofp/crti.o
LOAD C:/ST/STM32CubeCLT_1.18.0/GNU-tools-for-STM32/bin/../lib/gcc/arm-none-eabi/13.3.1/thumb/v7-m/nofp/crtbegin.o
LOAD C:/ST/STM32CubeCLT_1.18.0/GNU-tools-for-STM32/bin/../lib/gcc/arm-none-eabi/13.3.1/../../../../arm-none-eabi/lib/thumb/v7-m/nofp/crt0.o
START GROUP
LOAD C:/ST/STM32CubeCLT_1.18.0/GNU-tools-for-STM32/bin/../lib/gcc/arm-none-eabi/13.3.1/../../../../arm-none-eabi/lib/thumb/v7-m/nofp\libc_nano.a
LOAD C:/ST/STM32CubeCLT_1.18.0/GNU-tools-for-STM32/bin/../lib/gcc/arm-none-eabi/13.3.1/../../../../arm-none-eabi/lib/thumb/v7-m/nofp\libm.a
END GROUP
LOAD cmake/stm32cubemx/CMakeFiles/STM32_Drivers.dir/__/__/Core/Src/system_stm32f1xx.c.obj
LOAD cmake/stm32cubemx/CMakeFiles/STM32_Drivers.dir/__/__/Drivers/STM32F1xx_HAL_Driver/Src/stm32f1xx_hal_gpio_ex.c.obj
LOAD cmake/stm32cubemx/CMakeFiles/STM32_Drivers.dir/__/__/Drivers/STM32F1xx_HAL_Driver/Src/stm32f1xx_hal.c.obj
LOAD cmake/stm32cubemx/CMakeFiles/STM32_Drivers.dir/__/__/Drivers/STM32F1xx_HAL_Driver/Src/stm32f1xx_hal_rcc.c.obj
LOAD cmake/stm32cubemx/CMakeFiles/STM32_Drivers.dir/__/__/Drivers/STM32F1xx_HAL_Driver/Src/stm32f1xx_hal_rcc_ex.c.obj
LOAD cmake/stm32cubemx/CMakeFiles/STM32_Drivers.dir/__/__/Drivers/STM32F1xx_HAL_Driver/Src/stm32f1xx_hal_gpio.c.obj
LOAD cmake/stm32cubemx/CMakeFiles/STM32_Drivers.dir/__/__/Drivers/STM32F1xx_HAL_Driver/Src/stm32f1xx_hal_dma.c.obj
LOAD cmake/stm32cubemx/CMakeFiles/STM32_Drivers.dir/__/__/Drivers/STM32F1xx_HAL_Driver/Src/stm32f1xx_hal_cortex.c.obj
LOAD cmake/stm32cubemx/CMakeFiles/STM32_Drivers.dir/__/__/Drivers/STM32F1xx_HAL_Driver/Src/stm32f1xx_hal_pwr.c.obj
LOAD cmake/stm32cubemx/CMakeFiles/STM32_Drivers.dir/__/__/Drivers/STM32F1xx_HAL_Driver/Src/stm32f1xx_hal_flash.c.obj
LOAD cmake/stm32cubemx/CMakeFiles/STM32_Drivers.dir/__/__/Drivers/STM32F1xx_HAL_Driver/Src/stm32f1xx_hal_flash_ex.c.obj
LOAD cmake/stm32cubemx/CMakeFiles/STM32_Drivers.dir/__/__/Drivers/STM32F1xx_HAL_Driver/Src/stm32f1xx_hal_exti.c.obj
LOAD CMakeFiles/RCC_My_Driver.dir/Core/Src/main.c.obj
LOAD CMakeFiles/RCC_My_Driver.dir/Core/Src/stm32f1xx_it.c.obj
LOAD CMakeFiles/RCC_My_Driver.dir/Core/Src/stm32f1xx_hal_msp.c.obj
LOAD CMakeFiles/RCC_My_Driver.dir/Core/Src/sysmem.c.obj
LOAD CMakeFiles/RCC_My_Driver.dir/Core/Src/syscalls.c.obj
LOAD CMakeFiles/RCC_My_Driver.dir/startup_stm32f103xb.s.obj
LOAD CMakeFiles/RCC_My_Driver.dir/Core/Src/RCC.c.obj
LOAD CMakeFiles/RCC_My_Driver.dir/Core/Src/GPIO.c.obj
LOAD CMakeFiles/RCC_My_Driver.dir/Core/Src/AFIO.c.obj
LOAD CMakeFiles/RCC_My_Driver.dir/Core/Src/EXTI.c.obj
LOAD CMakeFiles/RCC_My_Driver.dir/Core/Src/TIM.c.obj
LOAD CMakeFiles/RCC_My_Driver.dir/Core/Src/ADC.c.obj
LOAD CMakeFiles/RCC_My_Driver.dir/Core/Src/UART.c.obj
LOAD CMakeFiles/RCC_My_Driver.dir/Core/Src/SPI.c.obj
LOAD CMakeFiles/RCC_My_Driver.dir/Core/Src/I2C.c.obj
LOAD CMakeFiles/RCC_My_Driver.dir/Core/Src/USB.c.obj
LOAD CMakeFiles/RCC_My_Driver.dir/Core/LIB/DS1307.c.obj
LOAD CMakeFiles/RCC_My_Driver.dir/Core/Src/DMA.c.obj
LOAD CMakeFiles/RCC_My_Driver.dir/Core/Src/SYSTICK.c.obj
START GROUP
LOAD C:/ST/STM32CubeCLT_1.18.0/GNU-tools-for-STM32/bin/../lib/gcc/arm-none-eabi/13.3.1/thumb/v7-m/nofp\libgcc.a
LOAD C:/ST/STM32CubeCLT_1.18.0/GNU-tools-for-STM32/bin/../lib/gcc/arm-none-eabi/13.3.1/../../../../arm-none-eabi/lib/thumb/v7-m/nofp\libg_nano.a
LOAD C:/ST/STM32CubeCLT_1.18.0/GNU-tools-for-STM32/bin/../lib/gcc/arm-none-eabi/13.3.1/../../../../arm-none-eabi/lib/thumb/v7-m/nofp\libc_nano.a
END GROUP
START GROUP
LOAD C:/ST/STM32CubeCLT_1.18.0/GNU-tools-for-STM32/bin/../lib/gcc/arm-none-eabi/13.3.1/thumb/v7-m/nofp\libgcc.a
LOAD C:/ST/STM32CubeCLT_1.18.0/GNU-tools-for-STM32/bin/../lib/gcc/arm-none-eabi/13.3.1/../../../../arm-none-eabi/lib/thumb/v7-m/nofp\libc_nano.a
END GROUP
LOAD C:/ST/STM32CubeCLT_1.18.0/GNU-tools-for-STM32/bin/../lib/gcc/arm-none-eabi/13.3.1/thumb/v7-m/nofp/crtend.o
LOAD C:/ST/STM32CubeCLT_1.18.0/GNU-tools-for-STM32/bin/../lib/gcc/arm-none-eabi/13.3.1/thumb/v7-m/nofp/crtn.o
                0x20005000                        _estack = (ORIGIN (RAM) + LENGTH (RAM))
                0x00000200                        _Min_Heap_Size = 0x200
                0x00000400                        _Min_Stack_Size = 0x400

.isr_vector     0x08000000      0x10c
                0x08000000                        . = ALIGN (0x4)
 *(.isr_vector)
 .isr_vector    0x08000000      0x10c CMakeFiles/RCC_My_Driver.dir/startup_stm32f103xb.s.obj
                0x08000000                g_pfnVectors
                0x0800010c                        . = ALIGN (0x4)

.text           0x0800010c     0x29b8
                0x0800010c                        . = ALIGN (0x4)
 *(.text)
 .text          0x0800010c       0x40 C:/ST/STM32CubeCLT_1.18.0/GNU-tools-for-STM32/bin/../lib/gcc/arm-none-eabi/13.3.1/thumb/v7-m/nofp/crtbegin.o
 *(.text*)
 .text.__libc_init_array
                0x0800014c       0x48 C:/ST/STM32CubeCLT_1.18.0/GNU-tools-for-STM32/bin/../lib/gcc/arm-none-eabi/13.3.1/../../../../arm-none-eabi/lib/thumb/v7-m/nofp\libc_nano.a(libc_a-init.o)
                0x0800014c                __libc_init_array
 .text.__retarget_lock_acquire_recursive
                0x08000194        0x2 C:/ST/STM32CubeCLT_1.18.0/GNU-tools-for-STM32/bin/../lib/gcc/arm-none-eabi/13.3.1/../../../../arm-none-eabi/lib/thumb/v7-m/nofp\libc_nano.a(libc_a-lock.o)
                0x08000194                __retarget_lock_acquire_recursive
 .text.__retarget_lock_release_recursive
                0x08000196        0x2 C:/ST/STM32CubeCLT_1.18.0/GNU-tools-for-STM32/bin/../lib/gcc/arm-none-eabi/13.3.1/../../../../arm-none-eabi/lib/thumb/v7-m/nofp\libc_nano.a(libc_a-lock.o)
                0x08000196                __retarget_lock_release_recursive
 .text._free_r  0x08000198       0x90 C:/ST/STM32CubeCLT_1.18.0/GNU-tools-for-STM32/bin/../lib/gcc/arm-none-eabi/13.3.1/../../../../arm-none-eabi/lib/thumb/v7-m/nofp\libc_nano.a(libc_a-freer.o)
                0x08000198                _free_r
 .text.sbrk_aligned
                0x08000228       0x44 C:/ST/STM32CubeCLT_1.18.0/GNU-tools-for-STM32/bin/../lib/gcc/arm-none-eabi/13.3.1/../../../../arm-none-eabi/lib/thumb/v7-m/nofp\libc_nano.a(libc_a-mallocr.o)
 .text._malloc_r
                0x0800026c      0x100 C:/ST/STM32CubeCLT_1.18.0/GNU-tools-for-STM32/bin/../lib/gcc/arm-none-eabi/13.3.1/../../../../arm-none-eabi/lib/thumb/v7-m/nofp\libc_nano.a(libc_a-mallocr.o)
                0x0800026c                _malloc_r
 .text.__malloc_lock
                0x0800036c        0xc C:/ST/STM32CubeCLT_1.18.0/GNU-tools-for-STM32/bin/../lib/gcc/arm-none-eabi/13.3.1/../../../../arm-none-eabi/lib/thumb/v7-m/nofp\libc_nano.a(libc_a-mlock.o)
                0x0800036c                __malloc_lock
 .text.__malloc_unlock
                0x08000378        0xc C:/ST/STM32CubeCLT_1.18.0/GNU-tools-for-STM32/bin/../lib/gcc/arm-none-eabi/13.3.1/../../../../arm-none-eabi/lib/thumb/v7-m/nofp\libc_nano.a(libc_a-mlock.o)
                0x08000378                __malloc_unlock
 .text._sbrk_r  0x08000384       0x20 C:/ST/STM32CubeCLT_1.18.0/GNU-tools-for-STM32/bin/../lib/gcc/arm-none-eabi/13.3.1/../../../../arm-none-eabi/lib/thumb/v7-m/nofp\libc_nano.a(libc_a-sbrkr.o)
                0x08000384                _sbrk_r
 .text.SystemInit
                0x080003a4        0xc cmake/stm32cubemx/CMakeFiles/STM32_Drivers.dir/__/__/Core/Src/system_stm32f1xx.c.obj
                0x080003a4                SystemInit
 .text.HAL_Init
                0x080003b0       0x2c cmake/stm32cubemx/CMakeFiles/STM32_Drivers.dir/__/__/Drivers/STM32F1xx_HAL_Driver/Src/stm32f1xx_hal.c.obj
                0x080003b0                HAL_Init
 .text.HAL_InitTick
                0x080003dc       0x60 cmake/stm32cubemx/CMakeFiles/STM32_Drivers.dir/__/__/Drivers/STM32F1xx_HAL_Driver/Src/stm32f1xx_hal.c.obj
                0x080003dc                HAL_InitTick
 .text.HAL_IncTick
                0x0800043c       0x24 cmake/stm32cubemx/CMakeFiles/STM32_Drivers.dir/__/__/Drivers/STM32F1xx_HAL_Driver/Src/stm32f1xx_hal.c.obj
                0x0800043c                HAL_IncTick
 .text.HAL_GetTick
                0x08000460       0x14 cmake/stm32cubemx/CMakeFiles/STM32_Drivers.dir/__/__/Drivers/STM32F1xx_HAL_Driver/Src/stm32f1xx_hal.c.obj
                0x08000460                HAL_GetTick
 .text.__NVIC_SetPriorityGrouping
                0x08000474       0x48 cmake/stm32cubemx/CMakeFiles/STM32_Drivers.dir/__/__/Drivers/STM32F1xx_HAL_Driver/Src/stm32f1xx_hal_cortex.c.obj
 .text.__NVIC_GetPriorityGrouping
                0x080004bc       0x1c cmake/stm32cubemx/CMakeFiles/STM32_Drivers.dir/__/__/Drivers/STM32F1xx_HAL_Driver/Src/stm32f1xx_hal_cortex.c.obj
 .text.__NVIC_SetPriority
                0x080004d8       0x54 cmake/stm32cubemx/CMakeFiles/STM32_Drivers.dir/__/__/Drivers/STM32F1xx_HAL_Driver/Src/stm32f1xx_hal_cortex.c.obj
 .text.NVIC_EncodePriority
                0x0800052c       0x64 cmake/stm32cubemx/CMakeFiles/STM32_Drivers.dir/__/__/Drivers/STM32F1xx_HAL_Driver/Src/stm32f1xx_hal_cortex.c.obj
 .text.SysTick_Config
                0x08000590       0x44 cmake/stm32cubemx/CMakeFiles/STM32_Drivers.dir/__/__/Drivers/STM32F1xx_HAL_Driver/Src/stm32f1xx_hal_cortex.c.obj
 .text.HAL_NVIC_SetPriorityGrouping
                0x080005d4       0x16 cmake/stm32cubemx/CMakeFiles/STM32_Drivers.dir/__/__/Drivers/STM32F1xx_HAL_Driver/Src/stm32f1xx_hal_cortex.c.obj
                0x080005d4                HAL_NVIC_SetPriorityGrouping
 .text.HAL_NVIC_SetPriority
                0x080005ea       0x38 cmake/stm32cubemx/CMakeFiles/STM32_Drivers.dir/__/__/Drivers/STM32F1xx_HAL_Driver/Src/stm32f1xx_hal_cortex.c.obj
                0x080005ea                HAL_NVIC_SetPriority
 .text.HAL_SYSTICK_Config
                0x08000622       0x18 cmake/stm32cubemx/CMakeFiles/STM32_Drivers.dir/__/__/Drivers/STM32F1xx_HAL_Driver/Src/stm32f1xx_hal_cortex.c.obj
                0x08000622                HAL_SYSTICK_Config
 *fill*         0x0800063a        0x2 
 .text.main     0x0800063c      0x100 CMakeFiles/RCC_My_Driver.dir/Core/Src/main.c.obj
                0x0800063c                main
 .text.read_distance
                0x0800073c       0x5c CMakeFiles/RCC_My_Driver.dir/Core/Src/main.c.obj
                0x0800073c                read_distance
 .text.NMI_Handler
                0x08000798        0x8 CMakeFiles/RCC_My_Driver.dir/Core/Src/stm32f1xx_it.c.obj
                0x08000798                NMI_Handler
 .text.HardFault_Handler
                0x080007a0        0x8 CMakeFiles/RCC_My_Driver.dir/Core/Src/stm32f1xx_it.c.obj
                0x080007a0                HardFault_Handler
 .text.MemManage_Handler
                0x080007a8        0x8 CMakeFiles/RCC_My_Driver.dir/Core/Src/stm32f1xx_it.c.obj
                0x080007a8                MemManage_Handler
 .text.BusFault_Handler
                0x080007b0        0x8 CMakeFiles/RCC_My_Driver.dir/Core/Src/stm32f1xx_it.c.obj
                0x080007b0                BusFault_Handler
 .text.UsageFault_Handler
                0x080007b8        0x8 CMakeFiles/RCC_My_Driver.dir/Core/Src/stm32f1xx_it.c.obj
                0x080007b8                UsageFault_Handler
 .text.SVC_Handler
                0x080007c0        0xc CMakeFiles/RCC_My_Driver.dir/Core/Src/stm32f1xx_it.c.obj
                0x080007c0                SVC_Handler
 .text.DebugMon_Handler
                0x080007cc        0xc CMakeFiles/RCC_My_Driver.dir/Core/Src/stm32f1xx_it.c.obj
                0x080007cc                DebugMon_Handler
 .text.PendSV_Handler
                0x080007d8        0xc CMakeFiles/RCC_My_Driver.dir/Core/Src/stm32f1xx_it.c.obj
                0x080007d8                PendSV_Handler
 .text.SysTick_Handler
                0x080007e4        0xc CMakeFiles/RCC_My_Driver.dir/Core/Src/stm32f1xx_it.c.obj
                0x080007e4                SysTick_Handler
 .text.HAL_MspInit
                0x080007f0       0x64 CMakeFiles/RCC_My_Driver.dir/Core/Src/stm32f1xx_hal_msp.c.obj
                0x080007f0                HAL_MspInit
 .text._sbrk    0x08000854       0x6c CMakeFiles/RCC_My_Driver.dir/Core/Src/sysmem.c.obj
                0x08000854                _sbrk
 .text.Reset_Handler
                0x080008c0       0x48 CMakeFiles/RCC_My_Driver.dir/startup_stm32f103xb.s.obj
                0x080008c0                Reset_Handler
 .text.Default_Handler
                0x08000908        0x2 CMakeFiles/RCC_My_Driver.dir/startup_stm32f103xb.s.obj
                0x08000908                RTC_Alarm_IRQHandler
                0x08000908                EXTI2_IRQHandler
                0x08000908                TIM1_CC_IRQHandler
                0x08000908                PVD_IRQHandler
                0x08000908                EXTI3_IRQHandler
                0x08000908                I2C2_EV_IRQHandler
                0x08000908                ADC1_2_IRQHandler
                0x08000908                SPI1_IRQHandler
                0x08000908                TAMPER_IRQHandler
                0x08000908                DMA1_Channel4_IRQHandler
                0x08000908                USART3_IRQHandler
                0x08000908                RTC_IRQHandler
                0x08000908                CAN1_RX1_IRQHandler
                0x08000908                TIM4_IRQHandler
                0x08000908                I2C1_EV_IRQHandler
                0x08000908                DMA1_Channel6_IRQHandler
                0x08000908                RCC_IRQHandler
                0x08000908                TIM1_TRG_COM_IRQHandler
                0x08000908                DMA1_Channel1_IRQHandler
                0x08000908                Default_Handler
                0x08000908                EXTI15_10_IRQHandler
                0x08000908                EXTI9_5_IRQHandler
                0x08000908                SPI2_IRQHandler
                0x08000908                DMA1_Channel5_IRQHandler
                0x08000908                EXTI4_IRQHandler
                0x08000908                USB_HP_CAN1_TX_IRQHandler
                0x08000908                DMA1_Channel3_IRQHandler
                0x08000908                TIM1_UP_IRQHandler
                0x08000908                WWDG_IRQHandler
                0x08000908                TIM1_BRK_IRQHandler
                0x08000908                EXTI1_IRQHandler
                0x08000908                USART2_IRQHandler
                0x08000908                I2C2_ER_IRQHandler
                0x08000908                DMA1_Channel2_IRQHandler
                0x08000908                CAN1_SCE_IRQHandler
                0x08000908                FLASH_IRQHandler
                0x08000908                I2C1_ER_IRQHandler
                0x08000908                USBWakeUp_IRQHandler
 *fill*         0x0800090a        0x2 
 .text.RCC_Enable_PortA
                0x0800090c       0x1c CMakeFiles/RCC_My_Driver.dir/Core/Src/RCC.c.obj
                0x0800090c                RCC_Enable_PortA
 .text.RCC_Enable_PortB
                0x08000928       0x1c CMakeFiles/RCC_My_Driver.dir/Core/Src/RCC.c.obj
                0x08000928                RCC_Enable_PortB
 .text.RCC_Enable_PortC
                0x08000944       0x1c CMakeFiles/RCC_My_Driver.dir/Core/Src/RCC.c.obj
                0x08000944                RCC_Enable_PortC
 .text.RCC_Enable_AFIO
                0x08000960       0x1c CMakeFiles/RCC_My_Driver.dir/Core/Src/RCC.c.obj
                0x08000960                RCC_Enable_AFIO
 .text.RCC_Enable_TIM2
                0x0800097c       0x1c CMakeFiles/RCC_My_Driver.dir/Core/Src/RCC.c.obj
                0x0800097c                RCC_Enable_TIM2
 .text.RCC_Enable_TIM3
                0x08000998       0x1c CMakeFiles/RCC_My_Driver.dir/Core/Src/RCC.c.obj
                0x08000998                RCC_Enable_TIM3
 .text.RCC_Enable_TIM4
                0x080009b4       0x1c CMakeFiles/RCC_My_Driver.dir/Core/Src/RCC.c.obj
                0x080009b4                RCC_Enable_TIM4
 .text.RCC_Enable_USART2
                0x080009d0       0x1c CMakeFiles/RCC_My_Driver.dir/Core/Src/RCC.c.obj
                0x080009d0                RCC_Enable_USART2
 .text.RCC_Enable_DMA
                0x080009ec       0x24 CMakeFiles/RCC_My_Driver.dir/Core/Src/RCC.c.obj
                0x080009ec                RCC_Enable_DMA
 .text.GPIO_Config
                0x08000a10      0x144 CMakeFiles/RCC_My_Driver.dir/Core/Src/GPIO.c.obj
                0x08000a10                GPIO_Config
 .text.GPIO_Write_Pin
                0x08000b54       0x30 CMakeFiles/RCC_My_Driver.dir/Core/Src/GPIO.c.obj
                0x08000b54                GPIO_Write_Pin
 .text.EXTI0_IRQHandler
                0x08000b84       0x2c CMakeFiles/RCC_My_Driver.dir/Core/Src/EXTI.c.obj
                0x08000b84                EXTI0_IRQHandler
 .text.TIM2_IRQHandler
                0x08000bb0       0x28 CMakeFiles/RCC_My_Driver.dir/Core/Src/TIM.c.obj
                0x08000bb0                TIM2_IRQHandler
 .text.delay_us
                0x08000bd8       0x64 CMakeFiles/RCC_My_Driver.dir/Core/Src/TIM.c.obj
                0x08000bd8                delay_us
 .text.TIM_Input_Capture_forHCSR04
                0x08000c3c       0xa4 CMakeFiles/RCC_My_Driver.dir/Core/Src/TIM.c.obj
                0x08000c3c                TIM_Input_Capture_forHCSR04
 .text.TIM3_IRQHandler
                0x08000ce0       0xa4 CMakeFiles/RCC_My_Driver.dir/Core/Src/TIM.c.obj
                0x08000ce0                TIM3_IRQHandler
 .text.TIM4_PWM_init
                0x08000d84       0x60 CMakeFiles/RCC_My_Driver.dir/Core/Src/TIM.c.obj
                0x08000d84                TIM4_PWM_init
 .text.TIM4_PWM
                0x08000de4       0x1c CMakeFiles/RCC_My_Driver.dir/Core/Src/TIM.c.obj
                0x08000de4                TIM4_PWM
 .text.USART1_IRQHandler
                0x08000e00       0x30 CMakeFiles/RCC_My_Driver.dir/Core/Src/UART.c.obj
                0x08000e00                USART1_IRQHandler
 .text.UART1_SendChar
                0x08000e30       0x30 CMakeFiles/RCC_My_Driver.dir/Core/Src/UART.c.obj
                0x08000e30                UART1_SendChar
 .text.UART2_Init
                0x08000e60       0x6c CMakeFiles/RCC_My_Driver.dir/Core/Src/UART.c.obj
                0x08000e60                UART2_Init
 .text.UART2_SendChar
                0x08000ecc       0x40 CMakeFiles/RCC_My_Driver.dir/Core/Src/UART.c.obj
                0x08000ecc                UART2_SendChar
 .text.UART2_SendString
                0x08000f0c       0x2a CMakeFiles/RCC_My_Driver.dir/Core/Src/UART.c.obj
                0x08000f0c                UART2_SendString
 .text.USB_WritePMA
                0x08000f36       0x8c CMakeFiles/RCC_My_Driver.dir/Core/Src/USB.c.obj
 .text.USB_ReadPMA
                0x08000fc2       0x68 CMakeFiles/RCC_My_Driver.dir/Core/Src/USB.c.obj
                0x08000fc2                USB_ReadPMA
 *fill*         0x0800102a        0x2 
 .text.SetMaxPacketOutEP
                0x0800102c       0x30 CMakeFiles/RCC_My_Driver.dir/Core/Src/USB.c.obj
 .text.GetMaxPacketOutEP
                0x0800105c       0x28 CMakeFiles/RCC_My_Driver.dir/Core/Src/USB.c.obj
 .text.USB_BufferDescTable
                0x08001084       0xa8 CMakeFiles/RCC_My_Driver.dir/Core/Src/USB.c.obj
                0x08001084                USB_BufferDescTable
 .text.USBD_GetLen
                0x0800112c       0x2e CMakeFiles/RCC_My_Driver.dir/Core/Src/USB.c.obj
 .text.USB_GetString
                0x0800115a       0x86 CMakeFiles/RCC_My_Driver.dir/Core/Src/USB.c.obj
 .text.USB_EndpointInit
                0x080011e0      0x170 CMakeFiles/RCC_My_Driver.dir/Core/Src/USB.c.obj
 .text.USB_ResetCallBack
                0x08001350       0x5c CMakeFiles/RCC_My_Driver.dir/Core/Src/USB.c.obj
                0x08001350                USB_ResetCallBack
 .text.USB_ProcessSetupStage
                0x080013ac      0x6b8 CMakeFiles/RCC_My_Driver.dir/Core/Src/USB.c.obj
 .text.USB_ProcessDataOutStage
                0x08001a64      0x2a0 CMakeFiles/RCC_My_Driver.dir/Core/Src/USB.c.obj
 .text.USB_ProcessDataInStage
                0x08001d04      0x3a8 CMakeFiles/RCC_My_Driver.dir/Core/Src/USB.c.obj
 .text.USB_TransactionCallBack
                0x080020ac      0x1d8 CMakeFiles/RCC_My_Driver.dir/Core/Src/USB.c.obj
                0x080020ac                USB_TransactionCallBack
 .text.USB_LP_CAN1_RX0_IRQHandler
                0x08002284       0xa0 CMakeFiles/RCC_My_Driver.dir/Core/Src/USB.c.obj
                0x08002284                USB_LP_CAN1_RX0_IRQHandler
 .text.DMA1_Channel7_IRQHandler
                0x08002324       0x2c CMakeFiles/RCC_My_Driver.dir/Core/Src/DMA.c.obj
                0x08002324                DMA1_Channel7_IRQHandler
 .text.systick_delay_ms
                0x08002350       0x64 CMakeFiles/RCC_My_Driver.dir/Core/Src/SYSTICK.c.obj
                0x08002350                systick_delay_ms
 .text.sprintf  0x080023b4       0x44 C:/ST/STM32CubeCLT_1.18.0/GNU-tools-for-STM32/bin/../lib/gcc/arm-none-eabi/13.3.1/../../../../arm-none-eabi/lib/thumb/v7-m/nofp\libg_nano.a(libc_a-sprintf.o)
                0x080023b4                siprintf
                0x080023b4                sprintf
 .text.__errno  0x080023f8        0xc C:/ST/STM32CubeCLT_1.18.0/GNU-tools-for-STM32/bin/../lib/gcc/arm-none-eabi/13.3.1/../../../../arm-none-eabi/lib/thumb/v7-m/nofp\libg_nano.a(libc_a-errno.o)
                0x080023f8                __errno
 .text.memcpy   0x08002404       0x1c C:/ST/STM32CubeCLT_1.18.0/GNU-tools-for-STM32/bin/../lib/gcc/arm-none-eabi/13.3.1/../../../../arm-none-eabi/lib/thumb/v7-m/nofp\libg_nano.a(libc_a-memcpy-stub.o)
                0x08002404                memcpy
 .text.__ssputs_r
                0x08002420       0xb6 C:/ST/STM32CubeCLT_1.18.0/GNU-tools-for-STM32/bin/../lib/gcc/arm-none-eabi/13.3.1/../../../../arm-none-eabi/lib/thumb/v7-m/nofp\libg_nano.a(libc_a-nano-svfprintf.o)
                0x08002420                __ssputs_r
 *fill*         0x080024d6        0x2 
 .text._svfprintf_r
                0x080024d8      0x1f8 C:/ST/STM32CubeCLT_1.18.0/GNU-tools-for-STM32/bin/../lib/gcc/arm-none-eabi/13.3.1/../../../../arm-none-eabi/lib/thumb/v7-m/nofp\libg_nano.a(libc_a-nano-svfprintf.o)
                0x080024d8                _svfiprintf_r
                0x080024d8                _svfprintf_r
 .text._printf_common
                0x080026d0       0xe4 C:/ST/STM32CubeCLT_1.18.0/GNU-tools-for-STM32/bin/../lib/gcc/arm-none-eabi/13.3.1/../../../../arm-none-eabi/lib/thumb/v7-m/nofp\libg_nano.a(libc_a-nano-vfprintf_i.o)
                0x080026d0                _printf_common
 .text._printf_i
                0x080027b4      0x23c C:/ST/STM32CubeCLT_1.18.0/GNU-tools-for-STM32/bin/../lib/gcc/arm-none-eabi/13.3.1/../../../../arm-none-eabi/lib/thumb/v7-m/nofp\libg_nano.a(libc_a-nano-vfprintf_i.o)
                0x080027b4                _printf_i
 .text.memmove  0x080029f0       0x34 C:/ST/STM32CubeCLT_1.18.0/GNU-tools-for-STM32/bin/../lib/gcc/arm-none-eabi/13.3.1/../../../../arm-none-eabi/lib/thumb/v7-m/nofp\libg_nano.a(libc_a-memmove.o)
                0x080029f0                memmove
 .text.memchr   0x08002a24       0x1c C:/ST/STM32CubeCLT_1.18.0/GNU-tools-for-STM32/bin/../lib/gcc/arm-none-eabi/13.3.1/../../../../arm-none-eabi/lib/thumb/v7-m/nofp\libg_nano.a(libc_a-memchr-stub.o)
                0x08002a24                memchr
 .text._realloc_r
                0x08002a40       0x5c C:/ST/STM32CubeCLT_1.18.0/GNU-tools-for-STM32/bin/../lib/gcc/arm-none-eabi/13.3.1/../../../../arm-none-eabi/lib/thumb/v7-m/nofp\libg_nano.a(libc_a-reallocr.o)
                0x08002a40                _realloc_r
 .text._malloc_usable_size_r
                0x08002a9c       0x10 C:/ST/STM32CubeCLT_1.18.0/GNU-tools-for-STM32/bin/../lib/gcc/arm-none-eabi/13.3.1/../../../../arm-none-eabi/lib/thumb/v7-m/nofp\libg_nano.a(libc_a-msizer.o)
                0x08002a9c                _malloc_usable_size_r
 *(.glue_7)
 .glue_7        0x08002aac        0x0 linker stubs
 *(.glue_7t)
 .glue_7t       0x08002aac        0x0 linker stubs
 *(.eh_frame)
 .eh_frame      0x08002aac        0x0 C:/ST/STM32CubeCLT_1.18.0/GNU-tools-for-STM32/bin/../lib/gcc/arm-none-eabi/13.3.1/thumb/v7-m/nofp/crtbegin.o
 *(.init)
 .init          0x08002aac        0x4 C:/ST/STM32CubeCLT_1.18.0/GNU-tools-for-STM32/bin/../lib/gcc/arm-none-eabi/13.3.1/thumb/v7-m/nofp/crti.o
                0x08002aac                _init
 .init          0x08002ab0        0x8 C:/ST/STM32CubeCLT_1.18.0/GNU-tools-for-STM32/bin/../lib/gcc/arm-none-eabi/13.3.1/thumb/v7-m/nofp/crtn.o
 *(.fini)
 .fini          0x08002ab8        0x4 C:/ST/STM32CubeCLT_1.18.0/GNU-tools-for-STM32/bin/../lib/gcc/arm-none-eabi/13.3.1/thumb/v7-m/nofp/crti.o
                0x08002ab8                _fini
 .fini          0x08002abc        0x8 C:/ST/STM32CubeCLT_1.18.0/GNU-tools-for-STM32/bin/../lib/gcc/arm-none-eabi/13.3.1/thumb/v7-m/nofp/crtn.o
                0x08002ac4                        . = ALIGN (0x4)
                0x08002ac4                        _etext = .

.vfp11_veneer   0x08002ac4        0x0
 .vfp11_veneer  0x08002ac4        0x0 linker stubs

.v4_bx          0x08002ac4        0x0
 .v4_bx         0x08002ac4        0x0 linker stubs

.iplt           0x08002ac4        0x0
 .iplt          0x08002ac4        0x0 C:/ST/STM32CubeCLT_1.18.0/GNU-tools-for-STM32/bin/../lib/gcc/arm-none-eabi/13.3.1/thumb/v7-m/nofp/crtbegin.o

.rodata         0x08002ac4       0x88
                0x08002ac4                        . = ALIGN (0x4)
 *(.rodata)
 .rodata        0x08002ac4        0x7 CMakeFiles/RCC_My_Driver.dir/Core/Src/main.c.obj
 *fill*         0x08002acb        0x1 
 .rodata        0x08002acc       0x4a CMakeFiles/RCC_My_Driver.dir/Core/Src/USB.c.obj
 *(.rodata*)
 .rodata._svfprintf_r.str1.1
                0x08002b16       0x33 C:/ST/STM32CubeCLT_1.18.0/GNU-tools-for-STM32/bin/../lib/gcc/arm-none-eabi/13.3.1/../../../../arm-none-eabi/lib/thumb/v7-m/nofp\libg_nano.a(libc_a-nano-svfprintf.o)
                                 0x11 (size before relaxing)
 .rodata._printf_i.str1.1
                0x08002b49       0x22 C:/ST/STM32CubeCLT_1.18.0/GNU-tools-for-STM32/bin/../lib/gcc/arm-none-eabi/13.3.1/../../../../arm-none-eabi/lib/thumb/v7-m/nofp\libg_nano.a(libc_a-nano-vfprintf_i.o)
                0x08002b6c                        . = ALIGN (0x4)
 *fill*         0x08002b49        0x3 

.ARM.extab      0x08002b4c        0x0
                0x08002b4c                        . = ALIGN (0x4)
 *(.ARM.extab* .gnu.linkonce.armextab.*)
                0x08002b4c                        . = ALIGN (0x4)

.ARM            0x08002b4c        0x0
                0x08002b4c                        . = ALIGN (0x4)
                0x08002b4c                        __exidx_start = .
 *(.ARM.exidx*)
                0x08002b4c                        __exidx_end = .
                0x08002b4c                        . = ALIGN (0x4)

.preinit_array  0x08002b4c        0x0
                0x08002b4c                        . = ALIGN (0x4)
                0x08002b4c                        PROVIDE (__preinit_array_start = .)
 *(.preinit_array*)
                0x08002b4c                        PROVIDE (__preinit_array_end = .)
                0x08002b4c                        . = ALIGN (0x4)

.init_array     0x08002b4c        0x4
                0x08002b4c                        . = ALIGN (0x4)
                0x08002b4c                        PROVIDE (__init_array_start = .)
 *(SORT_BY_NAME(.init_array.*))
 *(.init_array*)
 .init_array    0x08002b4c        0x4 C:/ST/STM32CubeCLT_1.18.0/GNU-tools-for-STM32/bin/../lib/gcc/arm-none-eabi/13.3.1/thumb/v7-m/nofp/crtbegin.o
                0x08002b50                        PROVIDE (__init_array_end = .)
                0x08002b50                        . = ALIGN (0x4)

.fini_array     0x08002b50        0x4
                0x08002b50                        . = ALIGN (0x4)
                [!provide]                        PROVIDE (__fini_array_start = .)
 *(SORT_BY_NAME(.fini_array.*))
 *(.fini_array*)
 .fini_array    0x08002b50        0x4 C:/ST/STM32CubeCLT_1.18.0/GNU-tools-for-STM32/bin/../lib/gcc/arm-none-eabi/13.3.1/thumb/v7-m/nofp/crtbegin.o
                [!provide]                        PROVIDE (__fini_array_end = .)
                0x08002b54                        . = ALIGN (0x4)
                0x08002b54                        _sidata = LOADADDR (.data)

.rel.dyn        0x08002b54        0x0
 .rel.iplt      0x08002b54        0x0 C:/ST/STM32CubeCLT_1.18.0/GNU-tools-for-STM32/bin/../lib/gcc/arm-none-eabi/13.3.1/thumb/v7-m/nofp/crtbegin.o

.data           0x20000000       0xb8 load address 0x08002b54
                0x20000000                        . = ALIGN (0x4)
                0x20000000                        _sdata = .
 *(.data)
 *(.data*)
 .data._impure_ptr
                0x20000000        0x4 C:/ST/STM32CubeCLT_1.18.0/GNU-tools-for-STM32/bin/../lib/gcc/arm-none-eabi/13.3.1/../../../../arm-none-eabi/lib/thumb/v7-m/nofp\libc_nano.a(libc_a-impure.o)
                0x20000000                _impure_ptr
 .data._impure_data
                0x20000004       0x4c C:/ST/STM32CubeCLT_1.18.0/GNU-tools-for-STM32/bin/../lib/gcc/arm-none-eabi/13.3.1/../../../../arm-none-eabi/lib/thumb/v7-m/nofp\libc_nano.a(libc_a-impure.o)
                0x20000004                _impure_data
 .data.SystemCoreClock
                0x20000050        0x4 cmake/stm32cubemx/CMakeFiles/STM32_Drivers.dir/__/__/Core/Src/system_stm32f1xx.c.obj
                0x20000050                SystemCoreClock
 .data.uwTickPrio
                0x20000054        0x4 cmake/stm32cubemx/CMakeFiles/STM32_Drivers.dir/__/__/Drivers/STM32F1xx_HAL_Driver/Src/stm32f1xx_hal.c.obj
                0x20000054                uwTickPrio
 .data.uwTickFreq
                0x20000058        0x1 cmake/stm32cubemx/CMakeFiles/STM32_Drivers.dir/__/__/Drivers/STM32F1xx_HAL_Driver/Src/stm32f1xx_hal.c.obj
                0x20000058                uwTickFreq
 *fill*         0x20000059        0x3 
 .data.DeviceDesc
                0x2000005c       0x12 CMakeFiles/RCC_My_Driver.dir/Core/Src/USB.c.obj
 *fill*         0x2000006e        0x2 
 .data.ConfigDesc
                0x20000070       0x43 CMakeFiles/RCC_My_Driver.dir/Core/Src/USB.c.obj
 *fill*         0x200000b3        0x1 
 .data.LangIDDesc
                0x200000b4        0x4 CMakeFiles/RCC_My_Driver.dir/Core/Src/USB.c.obj
 *(.RamFunc)
 *(.RamFunc*)
                0x200000b8                        . = ALIGN (0x4)
                0x200000b8                        _edata = .

.igot.plt       0x200000b8        0x0 load address 0x08002c0c
 .igot.plt      0x200000b8        0x0 C:/ST/STM32CubeCLT_1.18.0/GNU-tools-for-STM32/bin/../lib/gcc/arm-none-eabi/13.3.1/thumb/v7-m/nofp/crtbegin.o
                0x200000b8                        . = ALIGN (0x4)

.bss            0x200000b8      0x448 load address 0x08002c0c
                0x200000b8                        _sbss = .
                0x200000b8                        __bss_start__ = _sbss
 *(.bss)
 .bss           0x200000b8       0x1c C:/ST/STM32CubeCLT_1.18.0/GNU-tools-for-STM32/bin/../lib/gcc/arm-none-eabi/13.3.1/thumb/v7-m/nofp/crtbegin.o
 *(.bss*)
 .bss.__sf      0x200000d4      0x138 C:/ST/STM32CubeCLT_1.18.0/GNU-tools-for-STM32/bin/../lib/gcc/arm-none-eabi/13.3.1/../../../../arm-none-eabi/lib/thumb/v7-m/nofp\libc_nano.a(libc_a-findfp.o)
                0x200000d4                __sf
 .bss.errno     0x2000020c        0x4 C:/ST/STM32CubeCLT_1.18.0/GNU-tools-for-STM32/bin/../lib/gcc/arm-none-eabi/13.3.1/../../../../arm-none-eabi/lib/thumb/v7-m/nofp\libc_nano.a(libc_a-reent.o)
                0x2000020c                errno
 .bss.__lock___malloc_recursive_mutex
                0x20000210        0x1 C:/ST/STM32CubeCLT_1.18.0/GNU-tools-for-STM32/bin/../lib/gcc/arm-none-eabi/13.3.1/../../../../arm-none-eabi/lib/thumb/v7-m/nofp\libc_nano.a(libc_a-lock.o)
                0x20000210                __lock___malloc_recursive_mutex
 *fill*         0x20000211        0x3 
 .bss.__malloc_sbrk_start
                0x20000214        0x4 C:/ST/STM32CubeCLT_1.18.0/GNU-tools-for-STM32/bin/../lib/gcc/arm-none-eabi/13.3.1/../../../../arm-none-eabi/lib/thumb/v7-m/nofp\libc_nano.a(libc_a-mallocr.o)
                0x20000214                __malloc_sbrk_start
 .bss.__malloc_free_list
                0x20000218        0x4 C:/ST/STM32CubeCLT_1.18.0/GNU-tools-for-STM32/bin/../lib/gcc/arm-none-eabi/13.3.1/../../../../arm-none-eabi/lib/thumb/v7-m/nofp\libc_nano.a(libc_a-mallocr.o)
                0x20000218                __malloc_free_list
 .bss.uwTick    0x2000021c        0x4 cmake/stm32cubemx/CMakeFiles/STM32_Drivers.dir/__/__/Drivers/STM32F1xx_HAL_Driver/Src/stm32f1xx_hal.c.obj
                0x2000021c                uwTick
 .bss.str1      0x20000220       0x14 CMakeFiles/RCC_My_Driver.dir/Core/Src/main.c.obj
                0x20000220                str1
 .bss.__sbrk_heap_end
                0x20000234        0x4 CMakeFiles/RCC_My_Driver.dir/Core/Src/sysmem.c.obj
 .bss.first     0x20000238        0x4 CMakeFiles/RCC_My_Driver.dir/Core/Src/TIM.c.obj
                0x20000238                first
 .bss.second    0x2000023c        0x4 CMakeFiles/RCC_My_Driver.dir/Core/Src/TIM.c.obj
                0x2000023c                second
 .bss.result    0x20000240        0x4 CMakeFiles/RCC_My_Driver.dir/Core/Src/TIM.c.obj
                0x20000240                result
 .bss.capture_state
                0x20000244        0x1 CMakeFiles/RCC_My_Driver.dir/Core/Src/TIM.c.obj
                0x20000244                capture_state
 .bss.epindex   0x20000245        0x1 CMakeFiles/RCC_My_Driver.dir/Core/Src/USB.c.obj
 .bss.bCount    0x20000246        0x2 CMakeFiles/RCC_My_Driver.dir/Core/Src/USB.c.obj
 .bss.maxPacketOutEP
                0x20000248       0x10 CMakeFiles/RCC_My_Driver.dir/Core/Src/USB.c.obj
 .bss.bufferControl
                0x20000258       0x40 CMakeFiles/RCC_My_Driver.dir/Core/Src/USB.c.obj
 .bss.buffin    0x20000298        0x4 CMakeFiles/RCC_My_Driver.dir/Core/Src/USB.c.obj
 .bss.EP0_buffer
                0x2000029c        0xa CMakeFiles/RCC_My_Driver.dir/Core/Src/USB.c.obj
 .bss.config    0x200002a6        0x1 CMakeFiles/RCC_My_Driver.dir/Core/Src/USB.c.obj
 *fill*         0x200002a7        0x1 
 .bss.buffout   0x200002a8       0x40 CMakeFiles/RCC_My_Driver.dir/Core/Src/USB.c.obj
 .bss.DevRequest
                0x200002e8        0x8 CMakeFiles/RCC_My_Driver.dir/Core/Src/USB.c.obj
 .bss.bLength   0x200002f0        0x2 CMakeFiles/RCC_My_Driver.dir/Core/Src/USB.c.obj
 .bss.u8Address
                0x200002f2        0x1 CMakeFiles/RCC_My_Driver.dir/Core/Src/USB.c.obj
 .bss.ControlState
                0x200002f3        0x1 CMakeFiles/RCC_My_Driver.dir/Core/Src/USB.c.obj
 .bss.CDC_LineCoding
                0x200002f4        0x8 CMakeFiles/RCC_My_Driver.dir/Core/Src/USB.c.obj
 .bss.USB_ENUM_OK
                0x200002fc        0x1 CMakeFiles/RCC_My_Driver.dir/Core/Src/USB.c.obj
                0x200002fc                USB_ENUM_OK
 *fill*         0x200002fd        0x3 
 .bss.StrDesc   0x20000300      0x200 CMakeFiles/RCC_My_Driver.dir/Core/Src/USB.c.obj
 *(COMMON)
                0x20000500                        . = ALIGN (0x4)
                0x20000500                        _ebss = .
                0x20000500                        __bss_end__ = _ebss

._user_heap_stack
                0x20000500      0x600 load address 0x08002c0c
                0x20000500                        . = ALIGN (0x8)
                [!provide]                        PROVIDE (end = .)
                0x20000500                        PROVIDE (_end = .)
                0x20000700                        . = (. + _Min_Heap_Size)
 *fill*         0x20000500      0x200 
                0x20000b00                        . = (. + _Min_Stack_Size)
 *fill*         0x20000700      0x400 
                0x20000b00                        . = ALIGN (0x8)

/DISCARD/
 libc.a(*)
 libm.a(*)
 libgcc.a(*)
OUTPUT(RCC_My_Driver.elf elf32-littlearm)
LOAD linker stubs
LOAD C:/ST/STM32CubeCLT_1.18.0/GNU-tools-for-STM32/bin/../lib/gcc/arm-none-eabi/13.3.1/../../../../arm-none-eabi/lib/thumb/v7-m/nofp\libc.a
LOAD C:/ST/STM32CubeCLT_1.18.0/GNU-tools-for-STM32/bin/../lib/gcc/arm-none-eabi/13.3.1/../../../../arm-none-eabi/lib/thumb/v7-m/nofp\libm.a
LOAD C:/ST/STM32CubeCLT_1.18.0/GNU-tools-for-STM32/bin/../lib/gcc/arm-none-eabi/13.3.1/thumb/v7-m/nofp\libgcc.a

.ARM.attributes
                0x00000000       0x29
 .ARM.attributes
                0x00000000       0x1d C:/ST/STM32CubeCLT_1.18.0/GNU-tools-for-STM32/bin/../lib/gcc/arm-none-eabi/13.3.1/thumb/v7-m/nofp/crti.o
 .ARM.attributes
                0x0000001d       0x2d C:/ST/STM32CubeCLT_1.18.0/GNU-tools-for-STM32/bin/../lib/gcc/arm-none-eabi/13.3.1/thumb/v7-m/nofp/crtbegin.o
 .ARM.attributes
                0x0000004a       0x2d C:/ST/STM32CubeCLT_1.18.0/GNU-tools-for-STM32/bin/../lib/gcc/arm-none-eabi/13.3.1/../../../../arm-none-eabi/lib/thumb/v7-m/nofp\libc_nano.a(libc_a-findfp.o)
 .ARM.attributes
                0x00000077       0x2d C:/ST/STM32CubeCLT_1.18.0/GNU-tools-for-STM32/bin/../lib/gcc/arm-none-eabi/13.3.1/../../../../arm-none-eabi/lib/thumb/v7-m/nofp\libc_nano.a(libc_a-reent.o)
 .ARM.attributes
                0x000000a4       0x2d C:/ST/STM32CubeCLT_1.18.0/GNU-tools-for-STM32/bin/../lib/gcc/arm-none-eabi/13.3.1/../../../../arm-none-eabi/lib/thumb/v7-m/nofp\libc_nano.a(libc_a-impure.o)
 .ARM.attributes
                0x000000d1       0x2d C:/ST/STM32CubeCLT_1.18.0/GNU-tools-for-STM32/bin/../lib/gcc/arm-none-eabi/13.3.1/../../../../arm-none-eabi/lib/thumb/v7-m/nofp\libc_nano.a(libc_a-init.o)
 .ARM.attributes
                0x000000fe       0x2d C:/ST/STM32CubeCLT_1.18.0/GNU-tools-for-STM32/bin/../lib/gcc/arm-none-eabi/13.3.1/../../../../arm-none-eabi/lib/thumb/v7-m/nofp\libc_nano.a(libc_a-lock.o)
 .ARM.attributes
                0x0000012b       0x2d C:/ST/STM32CubeCLT_1.18.0/GNU-tools-for-STM32/bin/../lib/gcc/arm-none-eabi/13.3.1/../../../../arm-none-eabi/lib/thumb/v7-m/nofp\libc_nano.a(libc_a-freer.o)
 .ARM.attributes
                0x00000158       0x2d C:/ST/STM32CubeCLT_1.18.0/GNU-tools-for-STM32/bin/../lib/gcc/arm-none-eabi/13.3.1/../../../../arm-none-eabi/lib/thumb/v7-m/nofp\libc_nano.a(libc_a-mallocr.o)
 .ARM.attributes
                0x00000185       0x2d C:/ST/STM32CubeCLT_1.18.0/GNU-tools-for-STM32/bin/../lib/gcc/arm-none-eabi/13.3.1/../../../../arm-none-eabi/lib/thumb/v7-m/nofp\libc_nano.a(libc_a-mlock.o)
 .ARM.attributes
                0x000001b2       0x2d C:/ST/STM32CubeCLT_1.18.0/GNU-tools-for-STM32/bin/../lib/gcc/arm-none-eabi/13.3.1/../../../../arm-none-eabi/lib/thumb/v7-m/nofp\libc_nano.a(libc_a-sbrkr.o)
 .ARM.attributes
                0x000001df       0x2d cmake/stm32cubemx/CMakeFiles/STM32_Drivers.dir/__/__/Core/Src/system_stm32f1xx.c.obj
 .ARM.attributes
                0x0000020c       0x2d cmake/stm32cubemx/CMakeFiles/STM32_Drivers.dir/__/__/Drivers/STM32F1xx_HAL_Driver/Src/stm32f1xx_hal.c.obj
 .ARM.attributes
                0x00000239       0x2d cmake/stm32cubemx/CMakeFiles/STM32_Drivers.dir/__/__/Drivers/STM32F1xx_HAL_Driver/Src/stm32f1xx_hal_cortex.c.obj
 .ARM.attributes
                0x00000266       0x2d CMakeFiles/RCC_My_Driver.dir/Core/Src/main.c.obj
 .ARM.attributes
                0x00000293       0x2d CMakeFiles/RCC_My_Driver.dir/Core/Src/stm32f1xx_it.c.obj
 .ARM.attributes
                0x000002c0       0x2d CMakeFiles/RCC_My_Driver.dir/Core/Src/stm32f1xx_hal_msp.c.obj
 .ARM.attributes
                0x000002ed       0x2d CMakeFiles/RCC_My_Driver.dir/Core/Src/sysmem.c.obj
 .ARM.attributes
                0x0000031a       0x21 CMakeFiles/RCC_My_Driver.dir/startup_stm32f103xb.s.obj
 .ARM.attributes
                0x0000033b       0x2d CMakeFiles/RCC_My_Driver.dir/Core/Src/RCC.c.obj
 .ARM.attributes
                0x00000368       0x2d CMakeFiles/RCC_My_Driver.dir/Core/Src/GPIO.c.obj
 .ARM.attributes
                0x00000395       0x2d CMakeFiles/RCC_My_Driver.dir/Core/Src/EXTI.c.obj
 .ARM.attributes
                0x000003c2       0x2d CMakeFiles/RCC_My_Driver.dir/Core/Src/TIM.c.obj
 .ARM.attributes
                0x000003ef       0x2d CMakeFiles/RCC_My_Driver.dir/Core/Src/UART.c.obj
 .ARM.attributes
                0x0000041c       0x2d CMakeFiles/RCC_My_Driver.dir/Core/Src/USB.c.obj
 .ARM.attributes
                0x00000449       0x2d CMakeFiles/RCC_My_Driver.dir/Core/Src/DMA.c.obj
 .ARM.attributes
                0x00000476       0x2d CMakeFiles/RCC_My_Driver.dir/Core/Src/SYSTICK.c.obj
 .ARM.attributes
                0x000004a3       0x2d C:/ST/STM32CubeCLT_1.18.0/GNU-tools-for-STM32/bin/../lib/gcc/arm-none-eabi/13.3.1/../../../../arm-none-eabi/lib/thumb/v7-m/nofp\libg_nano.a(libc_a-sprintf.o)
 .ARM.attributes
                0x000004d0       0x2d C:/ST/STM32CubeCLT_1.18.0/GNU-tools-for-STM32/bin/../lib/gcc/arm-none-eabi/13.3.1/../../../../arm-none-eabi/lib/thumb/v7-m/nofp\libg_nano.a(libc_a-errno.o)
 .ARM.attributes
                0x000004fd       0x2d C:/ST/STM32CubeCLT_1.18.0/GNU-tools-for-STM32/bin/../lib/gcc/arm-none-eabi/13.3.1/../../../../arm-none-eabi/lib/thumb/v7-m/nofp\libg_nano.a(libc_a-memcpy-stub.o)
 .ARM.attributes
                0x0000052a       0x2d C:/ST/STM32CubeCLT_1.18.0/GNU-tools-for-STM32/bin/../lib/gcc/arm-none-eabi/13.3.1/../../../../arm-none-eabi/lib/thumb/v7-m/nofp\libg_nano.a(libc_a-nano-svfprintf.o)
 .ARM.attributes
                0x00000557       0x2d C:/ST/STM32CubeCLT_1.18.0/GNU-tools-for-STM32/bin/../lib/gcc/arm-none-eabi/13.3.1/../../../../arm-none-eabi/lib/thumb/v7-m/nofp\libg_nano.a(libc_a-nano-vfprintf_i.o)
 .ARM.attributes
                0x00000584       0x2d C:/ST/STM32CubeCLT_1.18.0/GNU-tools-for-STM32/bin/../lib/gcc/arm-none-eabi/13.3.1/../../../../arm-none-eabi/lib/thumb/v7-m/nofp\libg_nano.a(libc_a-memmove.o)
 .ARM.attributes
                0x000005b1       0x2d C:/ST/STM32CubeCLT_1.18.0/GNU-tools-for-STM32/bin/../lib/gcc/arm-none-eabi/13.3.1/../../../../arm-none-eabi/lib/thumb/v7-m/nofp\libg_nano.a(libc_a-memchr-stub.o)
 .ARM.attributes
                0x000005de       0x2d C:/ST/STM32CubeCLT_1.18.0/GNU-tools-for-STM32/bin/../lib/gcc/arm-none-eabi/13.3.1/../../../../arm-none-eabi/lib/thumb/v7-m/nofp\libg_nano.a(libc_a-reallocr.o)
 .ARM.attributes
                0x0000060b       0x2d C:/ST/STM32CubeCLT_1.18.0/GNU-tools-for-STM32/bin/../lib/gcc/arm-none-eabi/13.3.1/../../../../arm-none-eabi/lib/thumb/v7-m/nofp\libg_nano.a(libc_a-msizer.o)
 .ARM.attributes
                0x00000638       0x1d C:/ST/STM32CubeCLT_1.18.0/GNU-tools-for-STM32/bin/../lib/gcc/arm-none-eabi/13.3.1/thumb/v7-m/nofp/crtn.o

.comment        0x00000000       0x43
 .comment       0x00000000       0x43 cmake/stm32cubemx/CMakeFiles/STM32_Drivers.dir/__/__/Core/Src/system_stm32f1xx.c.obj
                                 0x44 (size before relaxing)
 .comment       0x00000043       0x44 cmake/stm32cubemx/CMakeFiles/STM32_Drivers.dir/__/__/Drivers/STM32F1xx_HAL_Driver/Src/stm32f1xx_hal.c.obj
 .comment       0x00000043       0x44 cmake/stm32cubemx/CMakeFiles/STM32_Drivers.dir/__/__/Drivers/STM32F1xx_HAL_Driver/Src/stm32f1xx_hal_cortex.c.obj
 .comment       0x00000043       0x44 CMakeFiles/RCC_My_Driver.dir/Core/Src/main.c.obj
 .comment       0x00000043       0x44 CMakeFiles/RCC_My_Driver.dir/Core/Src/stm32f1xx_it.c.obj
 .comment       0x00000043       0x44 CMakeFiles/RCC_My_Driver.dir/Core/Src/stm32f1xx_hal_msp.c.obj
 .comment       0x00000043       0x44 CMakeFiles/RCC_My_Driver.dir/Core/Src/sysmem.c.obj
 .comment       0x00000043       0x44 CMakeFiles/RCC_My_Driver.dir/Core/Src/RCC.c.obj
 .comment       0x00000043       0x44 CMakeFiles/RCC_My_Driver.dir/Core/Src/GPIO.c.obj
 .comment       0x00000043       0x44 CMakeFiles/RCC_My_Driver.dir/Core/Src/EXTI.c.obj
 .comment       0x00000043       0x44 CMakeFiles/RCC_My_Driver.dir/Core/Src/TIM.c.obj
 .comment       0x00000043       0x44 CMakeFiles/RCC_My_Driver.dir/Core/Src/UART.c.obj
 .comment       0x00000043       0x44 CMakeFiles/RCC_My_Driver.dir/Core/Src/USB.c.obj
 .comment       0x00000043       0x44 CMakeFiles/RCC_My_Driver.dir/Core/Src/DMA.c.obj
 .comment       0x00000043       0x44 CMakeFiles/RCC_My_Driver.dir/Core/Src/SYSTICK.c.obj
 .comment       0x00000043       0x44 C:/ST/STM32CubeCLT_1.18.0/GNU-tools-for-STM32/bin/../lib/gcc/arm-none-eabi/13.3.1/../../../../arm-none-eabi/lib/thumb/v7-m/nofp\libg_nano.a(libc_a-sprintf.o)
 .comment       0x00000043       0x44 C:/ST/STM32CubeCLT_1.18.0/GNU-tools-for-STM32/bin/../lib/gcc/arm-none-eabi/13.3.1/../../../../arm-none-eabi/lib/thumb/v7-m/nofp\libg_nano.a(libc_a-errno.o)
 .comment       0x00000043       0x44 C:/ST/STM32CubeCLT_1.18.0/GNU-tools-for-STM32/bin/../lib/gcc/arm-none-eabi/13.3.1/../../../../arm-none-eabi/lib/thumb/v7-m/nofp\libg_nano.a(libc_a-memcpy-stub.o)
 .comment       0x00000043       0x44 C:/ST/STM32CubeCLT_1.18.0/GNU-tools-for-STM32/bin/../lib/gcc/arm-none-eabi/13.3.1/../../../../arm-none-eabi/lib/thumb/v7-m/nofp\libg_nano.a(libc_a-nano-svfprintf.o)
 .comment       0x00000043       0x44 C:/ST/STM32CubeCLT_1.18.0/GNU-tools-for-STM32/bin/../lib/gcc/arm-none-eabi/13.3.1/../../../../arm-none-eabi/lib/thumb/v7-m/nofp\libg_nano.a(libc_a-nano-vfprintf_i.o)
 .comment       0x00000043       0x44 C:/ST/STM32CubeCLT_1.18.0/GNU-tools-for-STM32/bin/../lib/gcc/arm-none-eabi/13.3.1/../../../../arm-none-eabi/lib/thumb/v7-m/nofp\libg_nano.a(libc_a-memmove.o)
 .comment       0x00000043       0x44 C:/ST/STM32CubeCLT_1.18.0/GNU-tools-for-STM32/bin/../lib/gcc/arm-none-eabi/13.3.1/../../../../arm-none-eabi/lib/thumb/v7-m/nofp\libg_nano.a(libc_a-memchr-stub.o)
 .comment       0x00000043       0x44 C:/ST/STM32CubeCLT_1.18.0/GNU-tools-for-STM32/bin/../lib/gcc/arm-none-eabi/13.3.1/../../../../arm-none-eabi/lib/thumb/v7-m/nofp\libg_nano.a(libc_a-reallocr.o)
 .comment       0x00000043       0x44 C:/ST/STM32CubeCLT_1.18.0/GNU-tools-for-STM32/bin/../lib/gcc/arm-none-eabi/13.3.1/../../../../arm-none-eabi/lib/thumb/v7-m/nofp\libg_nano.a(libc_a-msizer.o)

.debug_frame    0x00000000     0x190c
 .debug_frame   0x00000000      0x144 C:/ST/STM32CubeCLT_1.18.0/GNU-tools-for-STM32/bin/../lib/gcc/arm-none-eabi/13.3.1/../../../../arm-none-eabi/lib/thumb/v7-m/nofp\libc_nano.a(libc_a-findfp.o)
 .debug_frame   0x00000144       0x38 C:/ST/STM32CubeCLT_1.18.0/GNU-tools-for-STM32/bin/../lib/gcc/arm-none-eabi/13.3.1/../../../../arm-none-eabi/lib/thumb/v7-m/nofp\libc_nano.a(libc_a-reent.o)
 .debug_frame   0x0000017c       0x2c C:/ST/STM32CubeCLT_1.18.0/GNU-tools-for-STM32/bin/../lib/gcc/arm-none-eabi/13.3.1/../../../../arm-none-eabi/lib/thumb/v7-m/nofp\libc_nano.a(libc_a-init.o)
 .debug_frame   0x000001a8       0xb0 C:/ST/STM32CubeCLT_1.18.0/GNU-tools-for-STM32/bin/../lib/gcc/arm-none-eabi/13.3.1/../../../../arm-none-eabi/lib/thumb/v7-m/nofp\libc_nano.a(libc_a-lock.o)
 .debug_frame   0x00000258       0x38 C:/ST/STM32CubeCLT_1.18.0/GNU-tools-for-STM32/bin/../lib/gcc/arm-none-eabi/13.3.1/../../../../arm-none-eabi/lib/thumb/v7-m/nofp\libc_nano.a(libc_a-freer.o)
 .debug_frame   0x00000290       0x50 C:/ST/STM32CubeCLT_1.18.0/GNU-tools-for-STM32/bin/../lib/gcc/arm-none-eabi/13.3.1/../../../../arm-none-eabi/lib/thumb/v7-m/nofp\libc_nano.a(libc_a-mallocr.o)
 .debug_frame   0x000002e0       0x30 C:/ST/STM32CubeCLT_1.18.0/GNU-tools-for-STM32/bin/../lib/gcc/arm-none-eabi/13.3.1/../../../../arm-none-eabi/lib/thumb/v7-m/nofp\libc_nano.a(libc_a-mlock.o)
 .debug_frame   0x00000310       0x2c C:/ST/STM32CubeCLT_1.18.0/GNU-tools-for-STM32/bin/../lib/gcc/arm-none-eabi/13.3.1/../../../../arm-none-eabi/lib/thumb/v7-m/nofp\libc_nano.a(libc_a-sbrkr.o)
 .debug_frame   0x0000033c       0x58 cmake/stm32cubemx/CMakeFiles/STM32_Drivers.dir/__/__/Core/Src/system_stm32f1xx.c.obj
 .debug_frame   0x00000394      0x334 cmake/stm32cubemx/CMakeFiles/STM32_Drivers.dir/__/__/Drivers/STM32F1xx_HAL_Driver/Src/stm32f1xx_hal.c.obj
 .debug_frame   0x000006c8      0x428 cmake/stm32cubemx/CMakeFiles/STM32_Drivers.dir/__/__/Drivers/STM32F1xx_HAL_Driver/Src/stm32f1xx_hal_cortex.c.obj
 .debug_frame   0x00000af0       0x54 CMakeFiles/RCC_My_Driver.dir/Core/Src/main.c.obj
 .debug_frame   0x00000b44      0x104 CMakeFiles/RCC_My_Driver.dir/Core/Src/stm32f1xx_it.c.obj
 .debug_frame   0x00000c48       0x38 CMakeFiles/RCC_My_Driver.dir/Core/Src/stm32f1xx_hal_msp.c.obj
 .debug_frame   0x00000c80       0x34 CMakeFiles/RCC_My_Driver.dir/Core/Src/sysmem.c.obj
 .debug_frame   0x00000cb4      0x210 CMakeFiles/RCC_My_Driver.dir/Core/Src/RCC.c.obj
 .debug_frame   0x00000ec4       0xac CMakeFiles/RCC_My_Driver.dir/Core/Src/GPIO.c.obj
 .debug_frame   0x00000f70       0xdc CMakeFiles/RCC_My_Driver.dir/Core/Src/EXTI.c.obj
 .debug_frame   0x0000104c      0x128 CMakeFiles/RCC_My_Driver.dir/Core/Src/TIM.c.obj
 .debug_frame   0x00001174      0x198 CMakeFiles/RCC_My_Driver.dir/Core/Src/UART.c.obj
 .debug_frame   0x0000130c      0x2d8 CMakeFiles/RCC_My_Driver.dir/Core/Src/USB.c.obj
 .debug_frame   0x000015e4       0x70 CMakeFiles/RCC_My_Driver.dir/Core/Src/DMA.c.obj
 .debug_frame   0x00001654       0x60 CMakeFiles/RCC_My_Driver.dir/Core/Src/SYSTICK.c.obj
 .debug_frame   0x000016b4       0x74 C:/ST/STM32CubeCLT_1.18.0/GNU-tools-for-STM32/bin/../lib/gcc/arm-none-eabi/13.3.1/../../../../arm-none-eabi/lib/thumb/v7-m/nofp\libg_nano.a(libc_a-sprintf.o)
 .debug_frame   0x00001728       0x20 C:/ST/STM32CubeCLT_1.18.0/GNU-tools-for-STM32/bin/../lib/gcc/arm-none-eabi/13.3.1/../../../../arm-none-eabi/lib/thumb/v7-m/nofp\libg_nano.a(libc_a-errno.o)
 .debug_frame   0x00001748       0x28 C:/ST/STM32CubeCLT_1.18.0/GNU-tools-for-STM32/bin/../lib/gcc/arm-none-eabi/13.3.1/../../../../arm-none-eabi/lib/thumb/v7-m/nofp\libg_nano.a(libc_a-memcpy-stub.o)
 .debug_frame   0x00001770       0x90 C:/ST/STM32CubeCLT_1.18.0/GNU-tools-for-STM32/bin/../lib/gcc/arm-none-eabi/13.3.1/../../../../arm-none-eabi/lib/thumb/v7-m/nofp\libg_nano.a(libc_a-nano-svfprintf.o)
 .debug_frame   0x00001800       0x60 C:/ST/STM32CubeCLT_1.18.0/GNU-tools-for-STM32/bin/../lib/gcc/arm-none-eabi/13.3.1/../../../../arm-none-eabi/lib/thumb/v7-m/nofp\libg_nano.a(libc_a-nano-vfprintf_i.o)
 .debug_frame   0x00001860       0x28 C:/ST/STM32CubeCLT_1.18.0/GNU-tools-for-STM32/bin/../lib/gcc/arm-none-eabi/13.3.1/../../../../arm-none-eabi/lib/thumb/v7-m/nofp\libg_nano.a(libc_a-memmove.o)
 .debug_frame   0x00001888       0x28 C:/ST/STM32CubeCLT_1.18.0/GNU-tools-for-STM32/bin/../lib/gcc/arm-none-eabi/13.3.1/../../../../arm-none-eabi/lib/thumb/v7-m/nofp\libg_nano.a(libc_a-memchr-stub.o)
 .debug_frame   0x000018b0       0x3c C:/ST/STM32CubeCLT_1.18.0/GNU-tools-for-STM32/bin/../lib/gcc/arm-none-eabi/13.3.1/../../../../arm-none-eabi/lib/thumb/v7-m/nofp\libg_nano.a(libc_a-reallocr.o)
 .debug_frame   0x000018ec       0x20 C:/ST/STM32CubeCLT_1.18.0/GNU-tools-for-STM32/bin/../lib/gcc/arm-none-eabi/13.3.1/../../../../arm-none-eabi/lib/thumb/v7-m/nofp\libg_nano.a(libc_a-msizer.o)

.debug_info     0x00000000     0xa92a
 .debug_info    0x00000000      0x222 cmake/stm32cubemx/CMakeFiles/STM32_Drivers.dir/__/__/Core/Src/system_stm32f1xx.c.obj
 .debug_info    0x00000222      0x704 cmake/stm32cubemx/CMakeFiles/STM32_Drivers.dir/__/__/Drivers/STM32F1xx_HAL_Driver/Src/stm32f1xx_hal.c.obj
 .debug_info    0x00000926      0xa87 cmake/stm32cubemx/CMakeFiles/STM32_Drivers.dir/__/__/Drivers/STM32F1xx_HAL_Driver/Src/stm32f1xx_hal_cortex.c.obj
 .debug_info    0x000013ad      0xacc CMakeFiles/RCC_My_Driver.dir/Core/Src/main.c.obj
 .debug_info    0x00001e79      0x113 CMakeFiles/RCC_My_Driver.dir/Core/Src/stm32f1xx_it.c.obj
 .debug_info    0x00001f8c      0x1f1 CMakeFiles/RCC_My_Driver.dir/Core/Src/stm32f1xx_hal_msp.c.obj
 .debug_info    0x0000217d      0x168 CMakeFiles/RCC_My_Driver.dir/Core/Src/sysmem.c.obj
 .debug_info    0x000022e5       0x30 CMakeFiles/RCC_My_Driver.dir/startup_stm32f103xb.s.obj
 .debug_info    0x00002315      0xd0e CMakeFiles/RCC_My_Driver.dir/Core/Src/RCC.c.obj
 .debug_info    0x00003023      0x9ed CMakeFiles/RCC_My_Driver.dir/Core/Src/GPIO.c.obj
 .debug_info    0x00003a10      0xf89 CMakeFiles/RCC_My_Driver.dir/Core/Src/EXTI.c.obj
 .debug_info    0x00004999      0x19b CMakeFiles/RCC_My_Driver.dir/Core/Src/TIM.c.obj
 .debug_info    0x00004b34      0xa97 CMakeFiles/RCC_My_Driver.dir/Core/Src/UART.c.obj
 .debug_info    0x000055cb      0xfab CMakeFiles/RCC_My_Driver.dir/Core/Src/USB.c.obj
 .debug_info    0x00006576      0x10f CMakeFiles/RCC_My_Driver.dir/Core/Src/DMA.c.obj
 .debug_info    0x00006685       0xdb CMakeFiles/RCC_My_Driver.dir/Core/Src/SYSTICK.c.obj
 .debug_info    0x00006760      0x885 C:/ST/STM32CubeCLT_1.18.0/GNU-tools-for-STM32/bin/../lib/gcc/arm-none-eabi/13.3.1/../../../../arm-none-eabi/lib/thumb/v7-m/nofp\libg_nano.a(libc_a-sprintf.o)
 .debug_info    0x00006fe5      0x6fb C:/ST/STM32CubeCLT_1.18.0/GNU-tools-for-STM32/bin/../lib/gcc/arm-none-eabi/13.3.1/../../../../arm-none-eabi/lib/thumb/v7-m/nofp\libg_nano.a(libc_a-errno.o)
 .debug_info    0x000076e0      0x121 C:/ST/STM32CubeCLT_1.18.0/GNU-tools-for-STM32/bin/../lib/gcc/arm-none-eabi/13.3.1/../../../../arm-none-eabi/lib/thumb/v7-m/nofp\libg_nano.a(libc_a-memcpy-stub.o)
 .debug_info    0x00007801     0x10c7 C:/ST/STM32CubeCLT_1.18.0/GNU-tools-for-STM32/bin/../lib/gcc/arm-none-eabi/13.3.1/../../../../arm-none-eabi/lib/thumb/v7-m/nofp\libg_nano.a(libc_a-nano-svfprintf.o)
 .debug_info    0x000088c8      0xde2 C:/ST/STM32CubeCLT_1.18.0/GNU-tools-for-STM32/bin/../lib/gcc/arm-none-eabi/13.3.1/../../../../arm-none-eabi/lib/thumb/v7-m/nofp\libg_nano.a(libc_a-nano-vfprintf_i.o)
 .debug_info    0x000096aa      0x10f C:/ST/STM32CubeCLT_1.18.0/GNU-tools-for-STM32/bin/../lib/gcc/arm-none-eabi/13.3.1/../../../../arm-none-eabi/lib/thumb/v7-m/nofp\libg_nano.a(libc_a-memmove.o)
 .debug_info    0x000097b9      0x110 C:/ST/STM32CubeCLT_1.18.0/GNU-tools-for-STM32/bin/../lib/gcc/arm-none-eabi/13.3.1/../../../../arm-none-eabi/lib/thumb/v7-m/nofp\libg_nano.a(libc_a-memchr-stub.o)
 .debug_info    0x000098c9      0x8cd C:/ST/STM32CubeCLT_1.18.0/GNU-tools-for-STM32/bin/../lib/gcc/arm-none-eabi/13.3.1/../../../../arm-none-eabi/lib/thumb/v7-m/nofp\libg_nano.a(libc_a-reallocr.o)
 .debug_info    0x0000a196      0x794 C:/ST/STM32CubeCLT_1.18.0/GNU-tools-for-STM32/bin/../lib/gcc/arm-none-eabi/13.3.1/../../../../arm-none-eabi/lib/thumb/v7-m/nofp\libg_nano.a(libc_a-msizer.o)

.debug_abbrev   0x00000000     0x245c
 .debug_abbrev  0x00000000      0x13f cmake/stm32cubemx/CMakeFiles/STM32_Drivers.dir/__/__/Core/Src/system_stm32f1xx.c.obj
 .debug_abbrev  0x0000013f      0x201 cmake/stm32cubemx/CMakeFiles/STM32_Drivers.dir/__/__/Drivers/STM32F1xx_HAL_Driver/Src/stm32f1xx_hal.c.obj
 .debug_abbrev  0x00000340      0x2f8 cmake/stm32cubemx/CMakeFiles/STM32_Drivers.dir/__/__/Drivers/STM32F1xx_HAL_Driver/Src/stm32f1xx_hal_cortex.c.obj
 .debug_abbrev  0x00000638      0x20c CMakeFiles/RCC_My_Driver.dir/Core/Src/main.c.obj
 .debug_abbrev  0x00000844       0x73 CMakeFiles/RCC_My_Driver.dir/Core/Src/stm32f1xx_it.c.obj
 .debug_abbrev  0x000008b7       0xdb CMakeFiles/RCC_My_Driver.dir/Core/Src/stm32f1xx_hal_msp.c.obj
 .debug_abbrev  0x00000992       0xbc CMakeFiles/RCC_My_Driver.dir/Core/Src/sysmem.c.obj
 .debug_abbrev  0x00000a4e       0x24 CMakeFiles/RCC_My_Driver.dir/startup_stm32f103xb.s.obj
 .debug_abbrev  0x00000a72       0xeb CMakeFiles/RCC_My_Driver.dir/Core/Src/RCC.c.obj
 .debug_abbrev  0x00000b5d      0x17f CMakeFiles/RCC_My_Driver.dir/Core/Src/GPIO.c.obj
 .debug_abbrev  0x00000cdc      0x162 CMakeFiles/RCC_My_Driver.dir/Core/Src/EXTI.c.obj
 .debug_abbrev  0x00000e3e       0xab CMakeFiles/RCC_My_Driver.dir/Core/Src/TIM.c.obj
 .debug_abbrev  0x00000ee9      0x1f5 CMakeFiles/RCC_My_Driver.dir/Core/Src/UART.c.obj
 .debug_abbrev  0x000010de      0x323 CMakeFiles/RCC_My_Driver.dir/Core/Src/USB.c.obj
 .debug_abbrev  0x00001401       0xe8 CMakeFiles/RCC_My_Driver.dir/Core/Src/DMA.c.obj
 .debug_abbrev  0x000014e9       0x82 CMakeFiles/RCC_My_Driver.dir/Core/Src/SYSTICK.c.obj
 .debug_abbrev  0x0000156b      0x21c C:/ST/STM32CubeCLT_1.18.0/GNU-tools-for-STM32/bin/../lib/gcc/arm-none-eabi/13.3.1/../../../../arm-none-eabi/lib/thumb/v7-m/nofp\libg_nano.a(libc_a-sprintf.o)
 .debug_abbrev  0x00001787      0x15e C:/ST/STM32CubeCLT_1.18.0/GNU-tools-for-STM32/bin/../lib/gcc/arm-none-eabi/13.3.1/../../../../arm-none-eabi/lib/thumb/v7-m/nofp\libg_nano.a(libc_a-errno.o)
 .debug_abbrev  0x000018e5       0xc1 C:/ST/STM32CubeCLT_1.18.0/GNU-tools-for-STM32/bin/../lib/gcc/arm-none-eabi/13.3.1/../../../../arm-none-eabi/lib/thumb/v7-m/nofp\libg_nano.a(libc_a-memcpy-stub.o)
 .debug_abbrev  0x000019a6      0x31e C:/ST/STM32CubeCLT_1.18.0/GNU-tools-for-STM32/bin/../lib/gcc/arm-none-eabi/13.3.1/../../../../arm-none-eabi/lib/thumb/v7-m/nofp\libg_nano.a(libc_a-nano-svfprintf.o)
 .debug_abbrev  0x00001cc4      0x28e C:/ST/STM32CubeCLT_1.18.0/GNU-tools-for-STM32/bin/../lib/gcc/arm-none-eabi/13.3.1/../../../../arm-none-eabi/lib/thumb/v7-m/nofp\libg_nano.a(libc_a-nano-vfprintf_i.o)
 .debug_abbrev  0x00001f52       0xac C:/ST/STM32CubeCLT_1.18.0/GNU-tools-for-STM32/bin/../lib/gcc/arm-none-eabi/13.3.1/../../../../arm-none-eabi/lib/thumb/v7-m/nofp\libg_nano.a(libc_a-memmove.o)
 .debug_abbrev  0x00001ffe       0xb1 C:/ST/STM32CubeCLT_1.18.0/GNU-tools-for-STM32/bin/../lib/gcc/arm-none-eabi/13.3.1/../../../../arm-none-eabi/lib/thumb/v7-m/nofp\libg_nano.a(libc_a-memchr-stub.o)
 .debug_abbrev  0x000020af      0x217 C:/ST/STM32CubeCLT_1.18.0/GNU-tools-for-STM32/bin/../lib/gcc/arm-none-eabi/13.3.1/../../../../arm-none-eabi/lib/thumb/v7-m/nofp\libg_nano.a(libc_a-reallocr.o)
 .debug_abbrev  0x000022c6      0x196 C:/ST/STM32CubeCLT_1.18.0/GNU-tools-for-STM32/bin/../lib/gcc/arm-none-eabi/13.3.1/../../../../arm-none-eabi/lib/thumb/v7-m/nofp\libg_nano.a(libc_a-msizer.o)

.debug_aranges  0x00000000      0x720
 .debug_aranges
                0x00000000       0x28 cmake/stm32cubemx/CMakeFiles/STM32_Drivers.dir/__/__/Core/Src/system_stm32f1xx.c.obj
 .debug_aranges
                0x00000028       0xe0 cmake/stm32cubemx/CMakeFiles/STM32_Drivers.dir/__/__/Drivers/STM32F1xx_HAL_Driver/Src/stm32f1xx_hal.c.obj
 .debug_aranges
                0x00000108      0x100 cmake/stm32cubemx/CMakeFiles/STM32_Drivers.dir/__/__/Drivers/STM32F1xx_HAL_Driver/Src/stm32f1xx_hal_cortex.c.obj
 .debug_aranges
                0x00000208       0x28 CMakeFiles/RCC_My_Driver.dir/Core/Src/main.c.obj
 .debug_aranges
                0x00000230       0x60 CMakeFiles/RCC_My_Driver.dir/Core/Src/stm32f1xx_it.c.obj
 .debug_aranges
                0x00000290       0x20 CMakeFiles/RCC_My_Driver.dir/Core/Src/stm32f1xx_hal_msp.c.obj
 .debug_aranges
                0x000002b0       0x20 CMakeFiles/RCC_My_Driver.dir/Core/Src/sysmem.c.obj
 .debug_aranges
                0x000002d0       0x28 CMakeFiles/RCC_My_Driver.dir/startup_stm32f103xb.s.obj
 .debug_aranges
                0x000002f8       0x98 CMakeFiles/RCC_My_Driver.dir/Core/Src/RCC.c.obj
 .debug_aranges
                0x00000390       0x38 CMakeFiles/RCC_My_Driver.dir/Core/Src/GPIO.c.obj
 .debug_aranges
                0x000003c8       0x48 CMakeFiles/RCC_My_Driver.dir/Core/Src/EXTI.c.obj
 .debug_aranges
                0x00000410       0x58 CMakeFiles/RCC_My_Driver.dir/Core/Src/TIM.c.obj
 .debug_aranges
                0x00000468       0x70 CMakeFiles/RCC_My_Driver.dir/Core/Src/UART.c.obj
 .debug_aranges
                0x000004d8       0xb0 CMakeFiles/RCC_My_Driver.dir/Core/Src/USB.c.obj
 .debug_aranges
                0x00000588       0x30 CMakeFiles/RCC_My_Driver.dir/Core/Src/DMA.c.obj
 .debug_aranges
                0x000005b8       0x28 CMakeFiles/RCC_My_Driver.dir/Core/Src/SYSTICK.c.obj
 .debug_aranges
                0x000005e0       0x28 C:/ST/STM32CubeCLT_1.18.0/GNU-tools-for-STM32/bin/../lib/gcc/arm-none-eabi/13.3.1/../../../../arm-none-eabi/lib/thumb/v7-m/nofp\libg_nano.a(libc_a-sprintf.o)
 .debug_aranges
                0x00000608       0x20 C:/ST/STM32CubeCLT_1.18.0/GNU-tools-for-STM32/bin/../lib/gcc/arm-none-eabi/13.3.1/../../../../arm-none-eabi/lib/thumb/v7-m/nofp\libg_nano.a(libc_a-errno.o)
 .debug_aranges
                0x00000628       0x20 C:/ST/STM32CubeCLT_1.18.0/GNU-tools-for-STM32/bin/../lib/gcc/arm-none-eabi/13.3.1/../../../../arm-none-eabi/lib/thumb/v7-m/nofp\libg_nano.a(libc_a-memcpy-stub.o)
 .debug_aranges
                0x00000648       0x30 C:/ST/STM32CubeCLT_1.18.0/GNU-tools-for-STM32/bin/../lib/gcc/arm-none-eabi/13.3.1/../../../../arm-none-eabi/lib/thumb/v7-m/nofp\libg_nano.a(libc_a-nano-svfprintf.o)
 .debug_aranges
                0x00000678       0x28 C:/ST/STM32CubeCLT_1.18.0/GNU-tools-for-STM32/bin/../lib/gcc/arm-none-eabi/13.3.1/../../../../arm-none-eabi/lib/thumb/v7-m/nofp\libg_nano.a(libc_a-nano-vfprintf_i.o)
 .debug_aranges
                0x000006a0       0x20 C:/ST/STM32CubeCLT_1.18.0/GNU-tools-for-STM32/bin/../lib/gcc/arm-none-eabi/13.3.1/../../../../arm-none-eabi/lib/thumb/v7-m/nofp\libg_nano.a(libc_a-memmove.o)
 .debug_aranges
                0x000006c0       0x20 C:/ST/STM32CubeCLT_1.18.0/GNU-tools-for-STM32/bin/../lib/gcc/arm-none-eabi/13.3.1/../../../../arm-none-eabi/lib/thumb/v7-m/nofp\libg_nano.a(libc_a-memchr-stub.o)
 .debug_aranges
                0x000006e0       0x20 C:/ST/STM32CubeCLT_1.18.0/GNU-tools-for-STM32/bin/../lib/gcc/arm-none-eabi/13.3.1/../../../../arm-none-eabi/lib/thumb/v7-m/nofp\libg_nano.a(libc_a-reallocr.o)
 .debug_aranges
                0x00000700       0x20 C:/ST/STM32CubeCLT_1.18.0/GNU-tools-for-STM32/bin/../lib/gcc/arm-none-eabi/13.3.1/../../../../arm-none-eabi/lib/thumb/v7-m/nofp\libg_nano.a(libc_a-msizer.o)

.debug_rnglists
                0x00000000      0x56a
 .debug_rnglists
                0x00000000       0x1a cmake/stm32cubemx/CMakeFiles/STM32_Drivers.dir/__/__/Core/Src/system_stm32f1xx.c.obj
 .debug_rnglists
                0x0000001a       0xa3 cmake/stm32cubemx/CMakeFiles/STM32_Drivers.dir/__/__/Drivers/STM32F1xx_HAL_Driver/Src/stm32f1xx_hal.c.obj
 .debug_rnglists
                0x000000bd       0xbb cmake/stm32cubemx/CMakeFiles/STM32_Drivers.dir/__/__/Drivers/STM32F1xx_HAL_Driver/Src/stm32f1xx_hal_cortex.c.obj
 .debug_rnglists
                0x00000178       0x1a CMakeFiles/RCC_My_Driver.dir/Core/Src/main.c.obj
 .debug_rnglists
                0x00000192       0x43 CMakeFiles/RCC_My_Driver.dir/Core/Src/stm32f1xx_it.c.obj
 .debug_rnglists
                0x000001d5       0x13 CMakeFiles/RCC_My_Driver.dir/Core/Src/stm32f1xx_hal_msp.c.obj
 .debug_rnglists
                0x000001e8       0x13 CMakeFiles/RCC_My_Driver.dir/Core/Src/sysmem.c.obj
 .debug_rnglists
                0x000001fb       0x19 CMakeFiles/RCC_My_Driver.dir/startup_stm32f103xb.s.obj
 .debug_rnglists
                0x00000214       0x6e CMakeFiles/RCC_My_Driver.dir/Core/Src/RCC.c.obj
 .debug_rnglists
                0x00000282       0x26 CMakeFiles/RCC_My_Driver.dir/Core/Src/GPIO.c.obj
 .debug_rnglists
                0x000002a8       0x32 CMakeFiles/RCC_My_Driver.dir/Core/Src/EXTI.c.obj
 .debug_rnglists
                0x000002da       0x3f CMakeFiles/RCC_My_Driver.dir/Core/Src/TIM.c.obj
 .debug_rnglists
                0x00000319       0x4f CMakeFiles/RCC_My_Driver.dir/Core/Src/UART.c.obj
 .debug_rnglists
                0x00000368       0x89 CMakeFiles/RCC_My_Driver.dir/Core/Src/USB.c.obj
 .debug_rnglists
                0x000003f1       0x20 CMakeFiles/RCC_My_Driver.dir/Core/Src/DMA.c.obj
 .debug_rnglists
                0x00000411       0x19 CMakeFiles/RCC_My_Driver.dir/Core/Src/SYSTICK.c.obj
 .debug_rnglists
                0x0000042a       0x19 C:/ST/STM32CubeCLT_1.18.0/GNU-tools-for-STM32/bin/../lib/gcc/arm-none-eabi/13.3.1/../../../../arm-none-eabi/lib/thumb/v7-m/nofp\libg_nano.a(libc_a-sprintf.o)
 .debug_rnglists
                0x00000443       0x13 C:/ST/STM32CubeCLT_1.18.0/GNU-tools-for-STM32/bin/../lib/gcc/arm-none-eabi/13.3.1/../../../../arm-none-eabi/lib/thumb/v7-m/nofp\libg_nano.a(libc_a-errno.o)
 .debug_rnglists
                0x00000456       0x13 C:/ST/STM32CubeCLT_1.18.0/GNU-tools-for-STM32/bin/../lib/gcc/arm-none-eabi/13.3.1/../../../../arm-none-eabi/lib/thumb/v7-m/nofp\libg_nano.a(libc_a-memcpy-stub.o)
 .debug_rnglists
                0x00000469       0x48 C:/ST/STM32CubeCLT_1.18.0/GNU-tools-for-STM32/bin/../lib/gcc/arm-none-eabi/13.3.1/../../../../arm-none-eabi/lib/thumb/v7-m/nofp\libg_nano.a(libc_a-nano-svfprintf.o)
 .debug_rnglists
                0x000004b1       0x6d C:/ST/STM32CubeCLT_1.18.0/GNU-tools-for-STM32/bin/../lib/gcc/arm-none-eabi/13.3.1/../../../../arm-none-eabi/lib/thumb/v7-m/nofp\libg_nano.a(libc_a-nano-vfprintf_i.o)
 .debug_rnglists
                0x0000051e       0x13 C:/ST/STM32CubeCLT_1.18.0/GNU-tools-for-STM32/bin/../lib/gcc/arm-none-eabi/13.3.1/../../../../arm-none-eabi/lib/thumb/v7-m/nofp\libg_nano.a(libc_a-memmove.o)
 .debug_rnglists
                0x00000531       0x13 C:/ST/STM32CubeCLT_1.18.0/GNU-tools-for-STM32/bin/../lib/gcc/arm-none-eabi/13.3.1/../../../../arm-none-eabi/lib/thumb/v7-m/nofp\libg_nano.a(libc_a-memchr-stub.o)
 .debug_rnglists
                0x00000544       0x13 C:/ST/STM32CubeCLT_1.18.0/GNU-tools-for-STM32/bin/../lib/gcc/arm-none-eabi/13.3.1/../../../../arm-none-eabi/lib/thumb/v7-m/nofp\libg_nano.a(libc_a-reallocr.o)
 .debug_rnglists
                0x00000557       0x13 C:/ST/STM32CubeCLT_1.18.0/GNU-tools-for-STM32/bin/../lib/gcc/arm-none-eabi/13.3.1/../../../../arm-none-eabi/lib/thumb/v7-m/nofp\libg_nano.a(libc_a-msizer.o)

.debug_macro    0x00000000    0x17892
 .debug_macro   0x00000000      0x184 cmake/stm32cubemx/CMakeFiles/STM32_Drivers.dir/__/__/Core/Src/system_stm32f1xx.c.obj
 .debug_macro   0x00000184      0xacc cmake/stm32cubemx/CMakeFiles/STM32_Drivers.dir/__/__/Core/Src/system_stm32f1xx.c.obj
 .debug_macro   0x00000c50       0x2e cmake/stm32cubemx/CMakeFiles/STM32_Drivers.dir/__/__/Core/Src/system_stm32f1xx.c.obj
 .debug_macro   0x00000c7e       0x22 cmake/stm32cubemx/CMakeFiles/STM32_Drivers.dir/__/__/Core/Src/system_stm32f1xx.c.obj
 .debug_macro   0x00000ca0       0x22 cmake/stm32cubemx/CMakeFiles/STM32_Drivers.dir/__/__/Core/Src/system_stm32f1xx.c.obj
 .debug_macro   0x00000cc2       0x8e cmake/stm32cubemx/CMakeFiles/STM32_Drivers.dir/__/__/Core/Src/system_stm32f1xx.c.obj
 .debug_macro   0x00000d50       0x51 cmake/stm32cubemx/CMakeFiles/STM32_Drivers.dir/__/__/Core/Src/system_stm32f1xx.c.obj
 .debug_macro   0x00000da1      0x103 cmake/stm32cubemx/CMakeFiles/STM32_Drivers.dir/__/__/Core/Src/system_stm32f1xx.c.obj
 .debug_macro   0x00000ea4       0x6a cmake/stm32cubemx/CMakeFiles/STM32_Drivers.dir/__/__/Core/Src/system_stm32f1xx.c.obj
 .debug_macro   0x00000f0e      0x1df cmake/stm32cubemx/CMakeFiles/STM32_Drivers.dir/__/__/Core/Src/system_stm32f1xx.c.obj
 .debug_macro   0x000010ed       0x1c cmake/stm32cubemx/CMakeFiles/STM32_Drivers.dir/__/__/Core/Src/system_stm32f1xx.c.obj
 .debug_macro   0x00001109       0x22 cmake/stm32cubemx/CMakeFiles/STM32_Drivers.dir/__/__/Core/Src/system_stm32f1xx.c.obj
 .debug_macro   0x0000112b       0xbd cmake/stm32cubemx/CMakeFiles/STM32_Drivers.dir/__/__/Core/Src/system_stm32f1xx.c.obj
 .debug_macro   0x000011e8      0xd23 cmake/stm32cubemx/CMakeFiles/STM32_Drivers.dir/__/__/Core/Src/system_stm32f1xx.c.obj
 .debug_macro   0x00001f0b     0xe09e cmake/stm32cubemx/CMakeFiles/STM32_Drivers.dir/__/__/Core/Src/system_stm32f1xx.c.obj
 .debug_macro   0x0000ffa9       0x6d cmake/stm32cubemx/CMakeFiles/STM32_Drivers.dir/__/__/Core/Src/system_stm32f1xx.c.obj
 .debug_macro   0x00010016      0x20f cmake/stm32cubemx/CMakeFiles/STM32_Drivers.dir/__/__/Core/Src/system_stm32f1xx.c.obj
 .debug_macro   0x00010225     0x34a2 cmake/stm32cubemx/CMakeFiles/STM32_Drivers.dir/__/__/Core/Src/system_stm32f1xx.c.obj
 .debug_macro   0x000136c7      0x190 cmake/stm32cubemx/CMakeFiles/STM32_Drivers.dir/__/__/Core/Src/system_stm32f1xx.c.obj
 .debug_macro   0x00013857       0x5c cmake/stm32cubemx/CMakeFiles/STM32_Drivers.dir/__/__/Core/Src/system_stm32f1xx.c.obj
 .debug_macro   0x000138b3      0x5bc cmake/stm32cubemx/CMakeFiles/STM32_Drivers.dir/__/__/Core/Src/system_stm32f1xx.c.obj
 .debug_macro   0x00013e6f      0x289 cmake/stm32cubemx/CMakeFiles/STM32_Drivers.dir/__/__/Core/Src/system_stm32f1xx.c.obj
 .debug_macro   0x000140f8      0x1cb cmake/stm32cubemx/CMakeFiles/STM32_Drivers.dir/__/__/Core/Src/system_stm32f1xx.c.obj
 .debug_macro   0x000142c3      0x114 cmake/stm32cubemx/CMakeFiles/STM32_Drivers.dir/__/__/Core/Src/system_stm32f1xx.c.obj
 .debug_macro   0x000143d7      0x1b2 cmake/stm32cubemx/CMakeFiles/STM32_Drivers.dir/__/__/Core/Src/system_stm32f1xx.c.obj
 .debug_macro   0x00014589       0x27 cmake/stm32cubemx/CMakeFiles/STM32_Drivers.dir/__/__/Core/Src/system_stm32f1xx.c.obj
 .debug_macro   0x000145b0      0x136 cmake/stm32cubemx/CMakeFiles/STM32_Drivers.dir/__/__/Core/Src/system_stm32f1xx.c.obj
 .debug_macro   0x000146e6      0x1bc cmake/stm32cubemx/CMakeFiles/STM32_Drivers.dir/__/__/Core/Src/system_stm32f1xx.c.obj
 .debug_macro   0x000148a2       0x34 cmake/stm32cubemx/CMakeFiles/STM32_Drivers.dir/__/__/Core/Src/system_stm32f1xx.c.obj
 .debug_macro   0x000148d6       0x3c cmake/stm32cubemx/CMakeFiles/STM32_Drivers.dir/__/__/Core/Src/system_stm32f1xx.c.obj
 .debug_macro   0x00014912       0x57 cmake/stm32cubemx/CMakeFiles/STM32_Drivers.dir/__/__/Core/Src/system_stm32f1xx.c.obj
 .debug_macro   0x00014969       0x87 cmake/stm32cubemx/CMakeFiles/STM32_Drivers.dir/__/__/Core/Src/system_stm32f1xx.c.obj
 .debug_macro   0x000149f0      0x240 cmake/stm32cubemx/CMakeFiles/STM32_Drivers.dir/__/__/Core/Src/system_stm32f1xx.c.obj
 .debug_macro   0x00014c30      0x140 cmake/stm32cubemx/CMakeFiles/STM32_Drivers.dir/__/__/Core/Src/system_stm32f1xx.c.obj
 .debug_macro   0x00014d70       0x83 cmake/stm32cubemx/CMakeFiles/STM32_Drivers.dir/__/__/Core/Src/system_stm32f1xx.c.obj
 .debug_macro   0x00014df3      0x1a8 cmake/stm32cubemx/CMakeFiles/STM32_Drivers.dir/__/__/Drivers/STM32F1xx_HAL_Driver/Src/stm32f1xx_hal.c.obj
 .debug_macro   0x00014f9b      0x184 cmake/stm32cubemx/CMakeFiles/STM32_Drivers.dir/__/__/Drivers/STM32F1xx_HAL_Driver/Src/stm32f1xx_hal_cortex.c.obj
 .debug_macro   0x0001511f      0x1ca CMakeFiles/RCC_My_Driver.dir/Core/Src/main.c.obj
 .debug_macro   0x000152e9       0x74 CMakeFiles/RCC_My_Driver.dir/Core/Src/main.c.obj
 .debug_macro   0x0001535d       0x24 CMakeFiles/RCC_My_Driver.dir/Core/Src/main.c.obj
 .debug_macro   0x00015381       0x3c CMakeFiles/RCC_My_Driver.dir/Core/Src/main.c.obj
 .debug_macro   0x000153bd       0x34 CMakeFiles/RCC_My_Driver.dir/Core/Src/main.c.obj
 .debug_macro   0x000153f1       0x16 CMakeFiles/RCC_My_Driver.dir/Core/Src/main.c.obj
 .debug_macro   0x00015407       0x9e CMakeFiles/RCC_My_Driver.dir/Core/Src/main.c.obj
 .debug_macro   0x000154a5      0x370 CMakeFiles/RCC_My_Driver.dir/Core/Src/main.c.obj
 .debug_macro   0x00015815      0x112 CMakeFiles/RCC_My_Driver.dir/Core/Src/main.c.obj
 .debug_macro   0x00015927       0x10 CMakeFiles/RCC_My_Driver.dir/Core/Src/main.c.obj
 .debug_macro   0x00015937       0x16 CMakeFiles/RCC_My_Driver.dir/Core/Src/main.c.obj
 .debug_macro   0x0001594d       0x4a CMakeFiles/RCC_My_Driver.dir/Core/Src/main.c.obj
 .debug_macro   0x00015997       0x34 CMakeFiles/RCC_My_Driver.dir/Core/Src/main.c.obj
 .debug_macro   0x000159cb       0x10 CMakeFiles/RCC_My_Driver.dir/Core/Src/main.c.obj
 .debug_macro   0x000159db       0x58 CMakeFiles/RCC_My_Driver.dir/Core/Src/main.c.obj
 .debug_macro   0x00015a33      0x1e5 CMakeFiles/RCC_My_Driver.dir/Core/Src/main.c.obj
 .debug_macro   0x00015c18       0x16 CMakeFiles/RCC_My_Driver.dir/Core/Src/main.c.obj
 .debug_macro   0x00015c2e       0x16 CMakeFiles/RCC_My_Driver.dir/Core/Src/main.c.obj
 .debug_macro   0x00015c44      0x170 CMakeFiles/RCC_My_Driver.dir/Core/Src/main.c.obj
 .debug_macro   0x00015db4       0x26 CMakeFiles/RCC_My_Driver.dir/Core/Src/main.c.obj
 .debug_macro   0x00015dda       0xaf CMakeFiles/RCC_My_Driver.dir/Core/Src/main.c.obj
 .debug_macro   0x00015e89      0x1d2 CMakeFiles/RCC_My_Driver.dir/Core/Src/main.c.obj
 .debug_macro   0x0001605b       0x10 CMakeFiles/RCC_My_Driver.dir/Core/Src/main.c.obj
 .debug_macro   0x0001606b       0x28 CMakeFiles/RCC_My_Driver.dir/Core/Src/main.c.obj
 .debug_macro   0x00016093       0x16 CMakeFiles/RCC_My_Driver.dir/Core/Src/main.c.obj
 .debug_macro   0x000160a9       0x3c CMakeFiles/RCC_My_Driver.dir/Core/Src/main.c.obj
 .debug_macro   0x000160e5       0x20 CMakeFiles/RCC_My_Driver.dir/Core/Src/main.c.obj
 .debug_macro   0x00016105       0x94 CMakeFiles/RCC_My_Driver.dir/Core/Src/main.c.obj
 .debug_macro   0x00016199      0x178 CMakeFiles/RCC_My_Driver.dir/Core/Src/main.c.obj
 .debug_macro   0x00016311       0x46 CMakeFiles/RCC_My_Driver.dir/Core/Src/main.c.obj
 .debug_macro   0x00016357       0x22 CMakeFiles/RCC_My_Driver.dir/Core/Src/main.c.obj
 .debug_macro   0x00016379      0x198 CMakeFiles/RCC_My_Driver.dir/Core/Src/stm32f1xx_it.c.obj
 .debug_macro   0x00016511      0x18e CMakeFiles/RCC_My_Driver.dir/Core/Src/stm32f1xx_hal_msp.c.obj
 .debug_macro   0x0001669f       0xff CMakeFiles/RCC_My_Driver.dir/Core/Src/sysmem.c.obj
 .debug_macro   0x0001679e       0x10 CMakeFiles/RCC_My_Driver.dir/Core/Src/sysmem.c.obj
 .debug_macro   0x000167ae       0x6e CMakeFiles/RCC_My_Driver.dir/Core/Src/sysmem.c.obj
 .debug_macro   0x0001681c       0x94 CMakeFiles/RCC_My_Driver.dir/Core/Src/sysmem.c.obj
 .debug_macro   0x000168b0       0x57 CMakeFiles/RCC_My_Driver.dir/Core/Src/sysmem.c.obj
 .debug_macro   0x00016907      0x23c CMakeFiles/RCC_My_Driver.dir/Core/Src/sysmem.c.obj
 .debug_macro   0x00016b43       0x72 CMakeFiles/RCC_My_Driver.dir/Core/Src/RCC.c.obj
 .debug_macro   0x00016bb5       0x20 CMakeFiles/RCC_My_Driver.dir/Core/Src/RCC.c.obj
 .debug_macro   0x00016bd5       0x72 CMakeFiles/RCC_My_Driver.dir/Core/Src/GPIO.c.obj
 .debug_macro   0x00016c47       0xa9 CMakeFiles/RCC_My_Driver.dir/Core/Src/GPIO.c.obj
 .debug_macro   0x00016cf0       0x8e CMakeFiles/RCC_My_Driver.dir/Core/Src/EXTI.c.obj
 .debug_macro   0x00016d7e       0x9d CMakeFiles/RCC_My_Driver.dir/Core/Src/TIM.c.obj
 .debug_macro   0x00016e1b      0x1cc CMakeFiles/RCC_My_Driver.dir/Core/Src/TIM.c.obj
 .debug_macro   0x00016fe7       0xa1 CMakeFiles/RCC_My_Driver.dir/Core/Src/UART.c.obj
 .debug_macro   0x00017088       0x8e CMakeFiles/RCC_My_Driver.dir/Core/Src/UART.c.obj
 .debug_macro   0x00017116      0x161 CMakeFiles/RCC_My_Driver.dir/Core/Src/USB.c.obj
 .debug_macro   0x00017277      0x2bf CMakeFiles/RCC_My_Driver.dir/Core/Src/USB.c.obj
 .debug_macro   0x00017536       0x10 CMakeFiles/RCC_My_Driver.dir/Core/Src/USB.c.obj
 .debug_macro   0x00017546       0xa6 CMakeFiles/RCC_My_Driver.dir/Core/Src/DMA.c.obj
 .debug_macro   0x000175ec      0x172 CMakeFiles/RCC_My_Driver.dir/Core/Src/DMA.c.obj
 .debug_macro   0x0001775e      0x134 CMakeFiles/RCC_My_Driver.dir/Core/Src/SYSTICK.c.obj

.debug_line     0x00000000     0x72e2
 .debug_line    0x00000000      0x5c8 cmake/stm32cubemx/CMakeFiles/STM32_Drivers.dir/__/__/Core/Src/system_stm32f1xx.c.obj
 .debug_line    0x000005c8      0x7f9 cmake/stm32cubemx/CMakeFiles/STM32_Drivers.dir/__/__/Drivers/STM32F1xx_HAL_Driver/Src/stm32f1xx_hal.c.obj
 .debug_line    0x00000dc1      0x9c3 cmake/stm32cubemx/CMakeFiles/STM32_Drivers.dir/__/__/Drivers/STM32F1xx_HAL_Driver/Src/stm32f1xx_hal_cortex.c.obj
 .debug_line    0x00001784      0x45d CMakeFiles/RCC_My_Driver.dir/Core/Src/main.c.obj
 .debug_line    0x00001be1      0x5f8 CMakeFiles/RCC_My_Driver.dir/Core/Src/stm32f1xx_it.c.obj
 .debug_line    0x000021d9      0x54a CMakeFiles/RCC_My_Driver.dir/Core/Src/stm32f1xx_hal_msp.c.obj
 .debug_line    0x00002723      0x333 CMakeFiles/RCC_My_Driver.dir/Core/Src/sysmem.c.obj
 .debug_line    0x00002a56       0x78 CMakeFiles/RCC_My_Driver.dir/startup_stm32f103xb.s.obj
 .debug_line    0x00002ace      0x4a7 CMakeFiles/RCC_My_Driver.dir/Core/Src/RCC.c.obj
 .debug_line    0x00002f75      0x3ba CMakeFiles/RCC_My_Driver.dir/Core/Src/GPIO.c.obj
 .debug_line    0x0000332f      0x4c3 CMakeFiles/RCC_My_Driver.dir/Core/Src/EXTI.c.obj
 .debug_line    0x000037f2      0x4a1 CMakeFiles/RCC_My_Driver.dir/Core/Src/TIM.c.obj
 .debug_line    0x00003c93      0x4f9 CMakeFiles/RCC_My_Driver.dir/Core/Src/UART.c.obj
 .debug_line    0x0000418c      0xbc5 CMakeFiles/RCC_My_Driver.dir/Core/Src/USB.c.obj
 .debug_line    0x00004d51      0x398 CMakeFiles/RCC_My_Driver.dir/Core/Src/DMA.c.obj
 .debug_line    0x000050e9      0x3bd CMakeFiles/RCC_My_Driver.dir/Core/Src/SYSTICK.c.obj
 .debug_line    0x000054a6      0x2bd C:/ST/STM32CubeCLT_1.18.0/GNU-tools-for-STM32/bin/../lib/gcc/arm-none-eabi/13.3.1/../../../../arm-none-eabi/lib/thumb/v7-m/nofp\libg_nano.a(libc_a-sprintf.o)
 .debug_line    0x00005763      0x185 C:/ST/STM32CubeCLT_1.18.0/GNU-tools-for-STM32/bin/../lib/gcc/arm-none-eabi/13.3.1/../../../../arm-none-eabi/lib/thumb/v7-m/nofp\libg_nano.a(libc_a-errno.o)
 .debug_line    0x000058e8      0x207 C:/ST/STM32CubeCLT_1.18.0/GNU-tools-for-STM32/bin/../lib/gcc/arm-none-eabi/13.3.1/../../../../arm-none-eabi/lib/thumb/v7-m/nofp\libg_nano.a(libc_a-memcpy-stub.o)
 .debug_line    0x00005aef      0x89f C:/ST/STM32CubeCLT_1.18.0/GNU-tools-for-STM32/bin/../lib/gcc/arm-none-eabi/13.3.1/../../../../arm-none-eabi/lib/thumb/v7-m/nofp\libg_nano.a(libc_a-nano-svfprintf.o)
 .debug_line    0x0000638e      0x722 C:/ST/STM32CubeCLT_1.18.0/GNU-tools-for-STM32/bin/../lib/gcc/arm-none-eabi/13.3.1/../../../../arm-none-eabi/lib/thumb/v7-m/nofp\libg_nano.a(libc_a-nano-vfprintf_i.o)
 .debug_line    0x00006ab0      0x1bb C:/ST/STM32CubeCLT_1.18.0/GNU-tools-for-STM32/bin/../lib/gcc/arm-none-eabi/13.3.1/../../../../arm-none-eabi/lib/thumb/v7-m/nofp\libg_nano.a(libc_a-memmove.o)
 .debug_line    0x00006c6b      0x1fe C:/ST/STM32CubeCLT_1.18.0/GNU-tools-for-STM32/bin/../lib/gcc/arm-none-eabi/13.3.1/../../../../arm-none-eabi/lib/thumb/v7-m/nofp\libg_nano.a(libc_a-memchr-stub.o)
 .debug_line    0x00006e69      0x274 C:/ST/STM32CubeCLT_1.18.0/GNU-tools-for-STM32/bin/../lib/gcc/arm-none-eabi/13.3.1/../../../../arm-none-eabi/lib/thumb/v7-m/nofp\libg_nano.a(libc_a-reallocr.o)
 .debug_line    0x000070dd      0x205 C:/ST/STM32CubeCLT_1.18.0/GNU-tools-for-STM32/bin/../lib/gcc/arm-none-eabi/13.3.1/../../../../arm-none-eabi/lib/thumb/v7-m/nofp\libg_nano.a(libc_a-msizer.o)

.debug_str      0x00000000    0x83a75
 .debug_str     0x00000000    0x83a75 cmake/stm32cubemx/CMakeFiles/STM32_Drivers.dir/__/__/Core/Src/system_stm32f1xx.c.obj
                              0x7adc9 (size before relaxing)
 .debug_str     0x00083a75    0x7b4fc cmake/stm32cubemx/CMakeFiles/STM32_Drivers.dir/__/__/Drivers/STM32F1xx_HAL_Driver/Src/stm32f1xx_hal.c.obj
 .debug_str     0x00083a75    0x7b448 cmake/stm32cubemx/CMakeFiles/STM32_Drivers.dir/__/__/Drivers/STM32F1xx_HAL_Driver/Src/stm32f1xx_hal_cortex.c.obj
 .debug_str     0x00083a75     0x9c41 CMakeFiles/RCC_My_Driver.dir/Core/Src/main.c.obj
 .debug_str     0x00083a75    0x7adb3 CMakeFiles/RCC_My_Driver.dir/Core/Src/stm32f1xx_it.c.obj
 .debug_str     0x00083a75    0x7ad9e CMakeFiles/RCC_My_Driver.dir/Core/Src/stm32f1xx_hal_msp.c.obj
 .debug_str     0x00083a75     0x70ae CMakeFiles/RCC_My_Driver.dir/Core/Src/sysmem.c.obj
 .debug_str     0x00083a75       0x52 CMakeFiles/RCC_My_Driver.dir/startup_stm32f103xb.s.obj
 .debug_str     0x00083a75     0x437f CMakeFiles/RCC_My_Driver.dir/Core/Src/RCC.c.obj
 .debug_str     0x00083a75     0x4337 CMakeFiles/RCC_My_Driver.dir/Core/Src/GPIO.c.obj
 .debug_str     0x00083a75     0x45e2 CMakeFiles/RCC_My_Driver.dir/Core/Src/EXTI.c.obj
 .debug_str     0x00083a75     0x522e CMakeFiles/RCC_My_Driver.dir/Core/Src/TIM.c.obj
 .debug_str     0x00083a75     0x4967 CMakeFiles/RCC_My_Driver.dir/Core/Src/UART.c.obj
 .debug_str     0x00083a75     0x84e7 CMakeFiles/RCC_My_Driver.dir/Core/Src/USB.c.obj
 .debug_str     0x00083a75     0x5002 CMakeFiles/RCC_My_Driver.dir/Core/Src/DMA.c.obj
 .debug_str     0x00083a75     0x7471 CMakeFiles/RCC_My_Driver.dir/Core/Src/SYSTICK.c.obj
 .debug_str     0x00083a75      0x568 C:/ST/STM32CubeCLT_1.18.0/GNU-tools-for-STM32/bin/../lib/gcc/arm-none-eabi/13.3.1/../../../../arm-none-eabi/lib/thumb/v7-m/nofp\libg_nano.a(libc_a-sprintf.o)
 .debug_str     0x00083a75      0x523 C:/ST/STM32CubeCLT_1.18.0/GNU-tools-for-STM32/bin/../lib/gcc/arm-none-eabi/13.3.1/../../../../arm-none-eabi/lib/thumb/v7-m/nofp\libg_nano.a(libc_a-errno.o)
 .debug_str     0x00083a75      0x227 C:/ST/STM32CubeCLT_1.18.0/GNU-tools-for-STM32/bin/../lib/gcc/arm-none-eabi/13.3.1/../../../../arm-none-eabi/lib/thumb/v7-m/nofp\libg_nano.a(libc_a-memcpy-stub.o)
 .debug_str     0x00083a75      0x872 C:/ST/STM32CubeCLT_1.18.0/GNU-tools-for-STM32/bin/../lib/gcc/arm-none-eabi/13.3.1/../../../../arm-none-eabi/lib/thumb/v7-m/nofp\libg_nano.a(libc_a-nano-svfprintf.o)
 .debug_str     0x00083a75      0x808 C:/ST/STM32CubeCLT_1.18.0/GNU-tools-for-STM32/bin/../lib/gcc/arm-none-eabi/13.3.1/../../../../arm-none-eabi/lib/thumb/v7-m/nofp\libg_nano.a(libc_a-nano-vfprintf_i.o)
 .debug_str     0x00083a75      0x224 C:/ST/STM32CubeCLT_1.18.0/GNU-tools-for-STM32/bin/../lib/gcc/arm-none-eabi/13.3.1/../../../../arm-none-eabi/lib/thumb/v7-m/nofp\libg_nano.a(libc_a-memmove.o)
 .debug_str     0x00083a75      0x223 C:/ST/STM32CubeCLT_1.18.0/GNU-tools-for-STM32/bin/../lib/gcc/arm-none-eabi/13.3.1/../../../../arm-none-eabi/lib/thumb/v7-m/nofp\libg_nano.a(libc_a-memchr-stub.o)
 .debug_str     0x00083a75      0x59f C:/ST/STM32CubeCLT_1.18.0/GNU-tools-for-STM32/bin/../lib/gcc/arm-none-eabi/13.3.1/../../../../arm-none-eabi/lib/thumb/v7-m/nofp\libg_nano.a(libc_a-reallocr.o)
 .debug_str     0x00083a75      0x572 C:/ST/STM32CubeCLT_1.18.0/GNU-tools-for-STM32/bin/../lib/gcc/arm-none-eabi/13.3.1/../../../../arm-none-eabi/lib/thumb/v7-m/nofp\libg_nano.a(libc_a-msizer.o)

.debug_line_str
                0x00000000       0x36
 .debug_line_str
                0x00000000       0x36 CMakeFiles/RCC_My_Driver.dir/startup_stm32f103xb.s.obj

.debug_loclists
                0x00000000      0xde8
 .debug_loclists
                0x00000000       0x9b C:/ST/STM32CubeCLT_1.18.0/GNU-tools-for-STM32/bin/../lib/gcc/arm-none-eabi/13.3.1/../../../../arm-none-eabi/lib/thumb/v7-m/nofp\libg_nano.a(libc_a-sprintf.o)
 .debug_loclists
                0x0000009b       0xad C:/ST/STM32CubeCLT_1.18.0/GNU-tools-for-STM32/bin/../lib/gcc/arm-none-eabi/13.3.1/../../../../arm-none-eabi/lib/thumb/v7-m/nofp\libg_nano.a(libc_a-memcpy-stub.o)
 .debug_loclists
                0x00000148      0x470 C:/ST/STM32CubeCLT_1.18.0/GNU-tools-for-STM32/bin/../lib/gcc/arm-none-eabi/13.3.1/../../../../arm-none-eabi/lib/thumb/v7-m/nofp\libg_nano.a(libc_a-nano-svfprintf.o)
 .debug_loclists
                0x000005b8      0x44a C:/ST/STM32CubeCLT_1.18.0/GNU-tools-for-STM32/bin/../lib/gcc/arm-none-eabi/13.3.1/../../../../arm-none-eabi/lib/thumb/v7-m/nofp\libg_nano.a(libc_a-nano-vfprintf_i.o)
 .debug_loclists
                0x00000a02      0x149 C:/ST/STM32CubeCLT_1.18.0/GNU-tools-for-STM32/bin/../lib/gcc/arm-none-eabi/13.3.1/../../../../arm-none-eabi/lib/thumb/v7-m/nofp\libg_nano.a(libc_a-memmove.o)
 .debug_loclists
                0x00000b4b       0xf7 C:/ST/STM32CubeCLT_1.18.0/GNU-tools-for-STM32/bin/../lib/gcc/arm-none-eabi/13.3.1/../../../../arm-none-eabi/lib/thumb/v7-m/nofp\libg_nano.a(libc_a-memchr-stub.o)
 .debug_loclists
                0x00000c42      0x13e C:/ST/STM32CubeCLT_1.18.0/GNU-tools-for-STM32/bin/../lib/gcc/arm-none-eabi/13.3.1/../../../../arm-none-eabi/lib/thumb/v7-m/nofp\libg_nano.a(libc_a-reallocr.o)
 .debug_loclists
                0x00000d80       0x68 C:/ST/STM32CubeCLT_1.18.0/GNU-tools-for-STM32/bin/../lib/gcc/arm-none-eabi/13.3.1/../../../../arm-none-eabi/lib/thumb/v7-m/nofp\libg_nano.a(libc_a-msizer.o)
